<html>
<body>
<pre>
<h1>礦ision Build Log</h1>
<h2>Tool Versions:</h2>
IDE-Version: μVision V5.24.2.0
Copyright (C) 2017 ARM Ltd and ARM Germany GmbH. All rights reserved.
License Information: sss fzg, dsds, LIC=JL28G-VR3BJ-QDKKD-8K4I0-SH4E8-XN8FH
 
Tool Versions:
Toolchain:       MDK-ARM Plus  Version: 5.24.1
Toolchain Path:  D:\Keil\ARM\ARMCC\Bin
C Compiler:      Armcc.exe V5.06 update 5 (build 528)
Assembler:       Armasm.exe V5.06 update 5 (build 528)
Linker/Locator:  ArmLink.exe V5.06 update 5 (build 528)
Library Manager: ArmAr.exe V5.06 update 5 (build 528)
Hex Converter:   FromElf.exe V5.06 update 5 (build 528)
CPU DLL:         SARMCM3.DLL V5.24.1
Dialog DLL:      DCM.DLL V1.16.0.0
Target DLL:      STLink\ST-LINKIII-KEIL_SWO.dll V3.0.1.0
Dialog DLL:      TCM.DLL V1.32.0.0
 
<h2>Project:</h2>
D:\桌面\新建文件夹 (4)\Quadcopter_1-main\Final_Program\LED.uvprojx
Project File Date:  06/29/2026

<h2>Output:</h2>
*** Using Compiler 'V5.06 update 5 (build 528)', folder: 'D:\Keil\ARM\ARMCC\Bin'
Build target 'Sample'
assembling startup_stm32f401xe.s...
creating preprocessor file for system_stm32f4xx.c...
creating preprocessor file for stm32f4xx_hal.c...
creating preprocessor file for stm32f4xx_hal_cortex.c...
compiling system_stm32f4xx.c...
creating preprocessor file for stm32f4xx_hal_gpio.c...
compiling stm32f4xx_hal.c...
creating preprocessor file for stm32f4xx_hal_pwr.c...
compiling stm32f4xx_hal_cortex.c...
creating preprocessor file for stm32f4xx_hal_pwr_ex.c...
compiling stm32f4xx_hal_gpio.c...
creating preprocessor file for stm32f4xx_hal_rcc.c...
compiling stm32f4xx_hal_pwr.c...
creating preprocessor file for stm32f4xx_hal_rcc_ex.c...
compiling stm32f4xx_hal_pwr_ex.c...
creating preprocessor file for stm32f4xx_hal_adc.c...
compiling stm32f4xx_hal_rcc.c...
creating preprocessor file for stm32f4xx_hal_adc_ex.c...
compiling stm32f4xx_hal_rcc_ex.c...
creating preprocessor file for stm32f4xx_hal_dma.c...
compiling stm32f4xx_hal_adc.c...
compiling stm32f4xx_hal_adc_ex.c...
creating preprocessor file for stm32f4xx_hal_dma_ex.c...
creating preprocessor file for stm32f4xx_hal_i2c.c...
compiling stm32f4xx_hal_dma.c...
creating preprocessor file for stm32f4xx_hal_i2c_ex.c...
compiling stm32f4xx_hal_dma_ex.c...
creating preprocessor file for stm32f4xx_hal_spi.c...
compiling stm32f4xx_hal_i2c.c...
creating preprocessor file for stm32f4xx_hal_tim.c...
compiling stm32f4xx_hal_i2c_ex.c...
creating preprocessor file for stm32f4xx_hal_tim_ex.c...
compiling stm32f4xx_hal_spi.c...
creating preprocessor file for stm32f4xx_hal_usart.c...
creating preprocessor file for stm32f4xx_hal_uart.c...
compiling stm32f4xx_hal_tim.c...
compiling stm32f4xx_hal_tim_ex.c...
creating preprocessor file for main.c...
compiling stm32f4xx_hal_usart.c...
creating preprocessor file for stm32f4xx_it.c...
compiling stm32f4xx_hal_uart.c...
creating preprocessor file for MyI2C.c...
compiling main.c...
creating preprocessor file for Delay.c...
compiling stm32f4xx_it.c...
creating preprocessor file for GY86.c...
compiling MyI2C.c...
creating preprocessor file for OLED.c...
compiling Delay.c...
creating preprocessor file for BLDC.c...
compiling GY86.c...
creating preprocessor file for Receive_IC.c...
compiling OLED.c...
creating preprocessor file for ReadPeripherals.c...
compiling BLDC.c...
assembling os_cpu_a.asm...
creating preprocessor file for os_cpu_c.c...
compiling Receive_IC.c...
compiling os_cpu_c.c...
creating preprocessor file for os_core.c...
creating preprocessor file for os_flag.c...
compiling ReadPeripherals.c...
compiling os_core.c...
creating preprocessor file for os_mbox.c...
compiling os_flag.c...
creating preprocessor file for os_mem.c...
compiling os_mbox.c...
compiling os_mem.c...
creating preprocessor file for os_mutex.c...
creating preprocessor file for os_q.c...
compiling os_mutex.c...
creating preprocessor file for os_sem.c...
compiling os_q.c...
creating preprocessor file for os_task.c...
compiling os_sem.c...
creating preprocessor file for os_time.c...
compiling os_task.c...
creating preprocessor file for os_tmr.c...
compiling os_time.c...
creating preprocessor file for os_dbg_r.c...
compiling os_tmr.c...
creating preprocessor file for app_hooks.c...
compiling os_dbg_r.c...
assembling cpu_a.asm...
compiling app_hooks.c...
creating preprocessor file for cpu_c.c...
creating preprocessor file for cpu_core.c...
compiling cpu_c.c...
creating preprocessor file for lib_ascii.c...
compiling cpu_core.c...
compiling lib_ascii.c...
creating preprocessor file for lib_math.c...
creating preprocessor file for lib_mem.c...
compiling lib_math.c...
creating preprocessor file for lib_str.c...
compiling lib_mem.c...
compiling lib_str.c...
linking...
Program Size: Code=22930 RO-data=1150 RW-data=144 ZI-data=12152  
".\Objects\T2.axf" - 0 Error(s), 0 Warning(s).

<h2>Software Packages used:</h2>

Package Vendor: Keil
                https://www.keil.com/pack/Keil.STM32F4xx_DFP.2.17.1.pack
                Keil.STM32F4xx_DFP.2.17.1
                STMicroelectronics STM32F4 Series Device Support, Drivers and Examples

<h2>Collection of Component include folders:</h2>
  .\RTE\_Sample
  D:\Keil\ARM\PACK\Keil\STM32F4xx_DFP\2.17.1\Drivers\CMSIS\Device\ST\STM32F4xx\Include

<h2>Collection of Component Files used:</h2>
Build Time Elapsed:  00:00:12
</pre>
</body>
</html>
