<html>
<body>
<pre>
<h1>µVision Build Log</h1>
<h2>Tool Versions:</h2>
IDE-Version: ¦ÌVision V5.24.2.0
Copyright (C) 2017 ARM Ltd and ARM Germany GmbH. All rights reserved.
License Information: è÷º­ Áõ, A, LIC=GMZI6-D19RZ-Y8HFK-Z496R-J4CUB-5TSE9
 
Tool Versions:
Toolchain:       MDK-ARM Plus  Version: 5.24.1
Toolchain Path:  C:\Keil_v5\ARM\ARMCC\Bin
C Compiler:      Armcc.exe V5.06 update 5 (build 528)
Assembler:       Armasm.exe V5.06 update 5 (build 528)
Linker/Locator:  ArmLink.exe V5.06 update 5 (build 528)
Library Manager: ArmAr.exe V5.06 update 5 (build 528)
Hex Converter:   FromElf.exe V5.06 update 5 (build 528)
CPU DLL:         SARMCM3.DLL V5.24.1
Dialog DLL:      DCM.DLL V1.16.0.0
Target DLL:      STLink\ST-LINKIII-KEIL_SWO.dll V3.0.1.0
Dialog DLL:      TCM.DLL V1.32.0.0
 
<h2>Project:</h2>
D:\github\Quadcopter_2\lzh\usOSii\uc_project\LED.uvprojx
Project File Date:  03/06/2026

<h2>Output:</h2>
*** Using Compiler 'V5.06 update 5 (build 528)', folder: 'C:\Keil_v5\ARM\ARMCC\Bin'
Build target 'Sample'
creating preprocessor file for system_stm32f4xx.c...
creating preprocessor file for stm32f4xx_hal.c...
creating preprocessor file for stm32f4xx_hal_cortex.c...
creating preprocessor file for stm32f4xx_hal_gpio.c...
creating preprocessor file for stm32f4xx_hal_pwr.c...
creating preprocessor file for stm32f4xx_hal_pwr_ex.c...
creating preprocessor file for stm32f4xx_hal_rcc.c...
creating preprocessor file for stm32f4xx_hal_rcc_ex.c...
creating preprocessor file for stm32f4xx_hal_adc.c...
creating preprocessor file for stm32f4xx_hal_adc_ex.c...
creating preprocessor file for stm32f4xx_hal_dma.c...
creating preprocessor file for stm32f4xx_hal_dma_ex.c...
creating preprocessor file for stm32f4xx_hal_i2c.c...
creating preprocessor file for stm32f4xx_hal_i2c_ex.c...
creating preprocessor file for stm32f4xx_hal_spi.c...
creating preprocessor file for stm32f4xx_hal_tim.c...
creating preprocessor file for stm32f4xx_hal_tim_ex.c...
creating preprocessor file for stm32f4xx_hal_usart.c...
creating preprocessor file for stm32f4xx_hal_uart.c...
creating preprocessor file for main.c...
creating preprocessor file for stm32f4xx_it.c...
creating preprocessor file for MyI2C.c...
creating preprocessor file for Delay.c...
creating preprocessor file for GY86.c...
creating preprocessor file for OLED.c...
creating preprocessor file for BLDC.c...
creating preprocessor file for Receive_IC.c...
creating preprocessor file for ReadPeripherals.c...
creating preprocessor file for os_core.c...
creating preprocessor file for os_dbg_r.c...
compiling os_core.c...
creating preprocessor file for os_flag.c...
compiling os_dbg_r.c...
creating preprocessor file for os_mbox.c...
compiling os_flag.c...
creating preprocessor file for os_mem.c...
compiling os_mbox.c...
creating preprocessor file for os_mutex.c...
compiling os_mem.c...
creating preprocessor file for os_q.c...
compiling os_mutex.c...
creating preprocessor file for os_sem.c...
compiling os_q.c...
creating preprocessor file for os_task.c...
compiling os_sem.c...
creating preprocessor file for os_time.c...
compiling os_task.c...
creating preprocessor file for os_tmr.c...
compiling os_time.c...
creating preprocessor file for os_cpu_c.c...
compiling os_tmr.c...
compiling os_cpu_c.c...
linking...
Program Size: Code=15314 RO-data=774 RW-data=32 ZI-data=1984  
".\Objects\T2.axf" - 0 Error(s), 0 Warning(s).

<h2>Software Packages used:</h2>

Package Vendor: Keil
                https://www.keil.com/pack/Keil.STM32F4xx_DFP.2.17.1.pack
                Keil.STM32F4xx_DFP.2.17.1
                STMicroelectronics STM32F4 Series Device Support, Drivers and Examples

<h2>Collection of Component include folders:</h2>
  .\RTE\_Sample
  C:\Keil_v5\ARM\PACK\Keil\STM32F4xx_DFP\2.17.1\Drivers\CMSIS\Device\ST\STM32F4xx\Include

<h2>Collection of Component Files used:</h2>
Build Time Elapsed:  00:00:11
</pre>
</body>
</html>
