Component: ARM Compiler 5.06 update 5 (build 528) Tool: armlink [4d35e2]

==============================================================================

Section Cross References

    startup_stm32f401xe.o(STACK) refers (Special) to heapauxi.o(.text) for __use_two_region_memory
    startup_stm32f401xe.o(HEAP) refers (Special) to heapauxi.o(.text) for __use_two_region_memory
    startup_stm32f401xe.o(RESET) refers (Special) to heapauxi.o(.text) for __use_two_region_memory
    startup_stm32f401xe.o(RESET) refers to startup_stm32f401xe.o(STACK) for __initial_sp
    startup_stm32f401xe.o(RESET) refers to startup_stm32f401xe.o(.text) for Reset_Handler
    startup_stm32f401xe.o(RESET) refers to stm32f4xx_it.o(i.NMI_Handler) for NMI_Handler
    startup_stm32f401xe.o(RESET) refers to stm32f4xx_it.o(i.HardFault_Handler) for HardFault_Handler
    startup_stm32f401xe.o(RESET) refers to stm32f4xx_it.o(i.MemManage_Handler) for MemManage_Handler
    startup_stm32f401xe.o(RESET) refers to stm32f4xx_it.o(i.BusFault_Handler) for BusFault_Handler
    startup_stm32f401xe.o(RESET) refers to stm32f4xx_it.o(i.UsageFault_Handler) for UsageFault_Handler
    startup_stm32f401xe.o(RESET) refers to stm32f4xx_it.o(i.DebugMon_Handler) for DebugMon_Handler
    startup_stm32f401xe.o(RESET) refers to os_cpu_a.o(.text) for PendSV_Handler
    startup_stm32f401xe.o(RESET) refers to stm32f4xx_it.o(i.SysTick_Handler) for SysTick_Handler
    startup_stm32f401xe.o(RESET) refers to stm32f4xx_it.o(i.TIM2_IRQHandler) for TIM2_IRQHandler
    startup_stm32f401xe.o(RESET) refers to stm32f4xx_it.o(i.TIM4_IRQHandler) for TIM4_IRQHandler
    startup_stm32f401xe.o(.text) refers (Special) to heapauxi.o(.text) for __use_two_region_memory
    startup_stm32f401xe.o(.text) refers to system_stm32f4xx.o(i.SystemInit) for SystemInit
    startup_stm32f401xe.o(.text) refers to __main.o(!!!main) for __main
    startup_stm32f401xe.o(.text) refers to startup_stm32f401xe.o(HEAP) for Heap_Mem
    startup_stm32f401xe.o(.text) refers to startup_stm32f401xe.o(STACK) for Stack_Mem
    system_stm32f4xx.o(i.SystemCoreClockUpdate) refers to system_stm32f4xx.o(.data) for SystemCoreClock
    system_stm32f4xx.o(i.SystemCoreClockUpdate) refers to system_stm32f4xx.o(.constdata) for AHBPrescTable
    stm32f4xx_hal.o(i.HAL_DeInit) refers to stm32f4xx_hal.o(i.HAL_MspDeInit) for HAL_MspDeInit
    stm32f4xx_hal.o(i.HAL_Delay) refers to stm32f4xx_hal.o(i.HAL_GetTick) for HAL_GetTick
    stm32f4xx_hal.o(i.HAL_GetTick) refers to stm32f4xx_hal.o(.data) for uwTick
    stm32f4xx_hal.o(i.HAL_IncTick) refers to stm32f4xx_hal.o(.data) for uwTick
    stm32f4xx_hal.o(i.HAL_Init) refers to stm32f4xx_hal_cortex.o(i.HAL_NVIC_SetPriorityGrouping) for HAL_NVIC_SetPriorityGrouping
    stm32f4xx_hal.o(i.HAL_Init) refers to stm32f4xx_hal.o(i.HAL_InitTick) for HAL_InitTick
    stm32f4xx_hal.o(i.HAL_Init) refers to stm32f4xx_hal.o(i.HAL_MspInit) for HAL_MspInit
    stm32f4xx_hal.o(i.HAL_InitTick) refers to stm32f4xx_hal_cortex.o(i.HAL_SYSTICK_Config) for HAL_SYSTICK_Config
    stm32f4xx_hal.o(i.HAL_InitTick) refers to stm32f4xx_hal_cortex.o(i.HAL_NVIC_SetPriority) for HAL_NVIC_SetPriority
    stm32f4xx_hal.o(i.HAL_InitTick) refers to system_stm32f4xx.o(.data) for SystemCoreClock
    stm32f4xx_hal_cortex.o(i.HAL_NVIC_GetPriorityGrouping) refers to stm32f4xx_hal_cortex.o(i.NVIC_GetPriorityGrouping) for NVIC_GetPriorityGrouping
    stm32f4xx_hal_cortex.o(i.HAL_NVIC_SetPriority) refers to stm32f4xx_hal_cortex.o(i.NVIC_GetPriorityGrouping) for NVIC_GetPriorityGrouping
    stm32f4xx_hal_cortex.o(i.HAL_NVIC_SetPriority) refers to stm32f4xx_hal_cortex.o(i.NVIC_SetPriority) for NVIC_SetPriority
    stm32f4xx_hal_cortex.o(i.HAL_SYSTICK_Config) refers to stm32f4xx_hal_cortex.o(i.NVIC_SetPriority) for NVIC_SetPriority
    stm32f4xx_hal_cortex.o(i.HAL_SYSTICK_IRQHandler) refers to stm32f4xx_hal_cortex.o(i.HAL_SYSTICK_Callback) for HAL_SYSTICK_Callback
    stm32f4xx_hal_gpio.o(i.HAL_GPIO_EXTI_IRQHandler) refers to stm32f4xx_hal_gpio.o(i.HAL_GPIO_EXTI_Callback) for HAL_GPIO_EXTI_Callback
    stm32f4xx_hal_pwr.o(i.HAL_PWR_PVD_IRQHandler) refers to stm32f4xx_hal_pwr.o(i.HAL_PWR_PVDCallback) for HAL_PWR_PVDCallback
    stm32f4xx_hal_pwr_ex.o(i.HAL_PWREx_ControlVoltageScaling) refers to stm32f4xx_hal.o(i.HAL_GetTick) for HAL_GetTick
    stm32f4xx_hal_pwr_ex.o(i.HAL_PWREx_DisableBkUpReg) refers to stm32f4xx_hal.o(i.HAL_GetTick) for HAL_GetTick
    stm32f4xx_hal_pwr_ex.o(i.HAL_PWREx_EnableBkUpReg) refers to stm32f4xx_hal.o(i.HAL_GetTick) for HAL_GetTick
    stm32f4xx_hal_rcc.o(i.HAL_RCC_ClockConfig) refers to stm32f4xx_hal.o(i.HAL_GetTick) for HAL_GetTick
    stm32f4xx_hal_rcc.o(i.HAL_RCC_ClockConfig) refers to stm32f4xx_hal_rcc.o(i.HAL_RCC_GetSysClockFreq) for HAL_RCC_GetSysClockFreq
    stm32f4xx_hal_rcc.o(i.HAL_RCC_ClockConfig) refers to stm32f4xx_hal.o(i.HAL_InitTick) for HAL_InitTick
    stm32f4xx_hal_rcc.o(i.HAL_RCC_ClockConfig) refers to stm32f4xx_hal_rcc.o(.constdata) for APBAHBPrescTable
[...]
    powersof2to1over16all                    0x08005db0   Data          64  powf.o(.constdata)
    .data                                    0x20000000   Section        4  system_stm32f4xx.o(.data)
    .data                                    0x20000004   Section        4  stm32f4xx_hal.o(.data)
    .data                                    0x20000008   Section        8  main.o(.data)
    .data                                    0x20000010   Section        1  delay.o(.data)
    timer_initialized                        0x20000010   Data           1  delay.o(.data)
    .data                                    0x20000011   Section        2  gy86.o(.data)
    ms5611_calib_loaded                      0x20000012   Data           1  gy86.o(.data)
    .data                                    0x20000013   Section        4  receive_ic.o(.data)
    TIM2_Cap_Status                          0x20000013   Data           4  receive_ic.o(.data)
    .data                                    0x20000018   Section        8  readperipherals.o(.data)
    current_sensor                           0x20000018   Data           1  readperipherals.o(.data)
    last_switch_ms                           0x2000001c   Data           4  readperipherals.o(.data)
    .data                                    0x20000020   Section       12  os_cpu_c.o(.data)
    OSTmrCtr                                 0x20000024   Data           2  os_cpu_c.o(.data)
    .data                                    0x2000002c   Section      100  os_core.o(.data)
    .bss                                     0x20000090   Section     4220  main.o(.bss)
    AppTaskStartStk                          0x2000010c   Data        1024  main.o(.bss)
    AppTaskSensorStk                         0x2000050c   Data        2048  main.o(.bss)
    AppTaskDebugStk                          0x20000d0c   Data        1024  main.o(.bss)
    .bss                                     0x2000110c   Section       60  delay.o(.bss)
    htim5                                    0x2000110c   Data          60  delay.o(.bss)
    .bss                                     0x20001148   Section       12  gy86.o(.bss)
    ms5611_calib                             0x20001148   Data          12  gy86.o(.bss)
    .bss                                     0x20001154   Section      152  receive_ic.o(.bss)
    TIM2_Cap_Val                             0x200011cc   Data          32  receive_ic.o(.bss)
    .bss                                     0x200011ec   Section     1024  os_cpu_c.o(.bss)
    .bss                                     0x200015ec   Section     5048  os_core.o(.bss)
    .bss                                     0x200029a4   Section       96  libspace.o(.bss)
    HEAP                                     0x20002a08   Section      512  startup_stm32f401xe.o(HEAP)
    Heap_Mem                                 0x20002a08   Data         512  startup_stm32f401xe.o(HEAP)
    STACK                                    0x20002c08   Section     1024  startup_stm32f401xe.o(STACK)
    Stack_Mem                                0x20002c08   Data        1024  startup_stm32f401xe.o(STACK)
    __initial_sp                             0x20003008   Data           0  startup_stm32f401xe.o(STACK)

    Global Symbols

    Symbol Name                              Value     Ov Type        Size  Object(Section)

    BuildAttributes$$THM_ISAv4$E$P$D$K$B$S$7EM$VFPi3$EXTD16$VFPS$VFMA$PE$A:L22UL41UL21$X:L11$S22US41US21$IEEE1$IW$USESV6$~STKCKD$USESV7$~SHL$OTIME$ROPI$IEEEX$EBA8$UX$STANDARDLIB$REQ8$PRES8$EABIv2 0x00000000   Number         0  anon$$obj.o ABSOLUTE
    __ARM_use_no_argv                        0x00000000   Number         0  main.o ABSOLUTE
    __ARM_exceptions_init                     - Undefined Weak Reference
    __alloca_initialize                       - Undefined Weak Reference
    __arm_preinit_                            - Undefined Weak Reference
    __cpp_initialize__aeabi_                  - Undefined Weak Reference
    __cxa_finalize                            - Undefined Weak Reference
    __rt_locale                               - Undefined Weak Reference
    __sigvec_lookup                           - Undefined Weak Reference
    _atexit_init                              - Undefined Weak Reference
    _call_atexit_fns                          - Undefined Weak Reference
    _clock_init                               - Undefined Weak Reference
    _fp_trap_init                             - Undefined Weak Reference
    _fp_trap_shutdown                         - Undefined Weak Reference
    _get_lc_collate                           - Undefined Weak Reference
    _get_lc_ctype                             - Undefined Weak Reference
    _get_lc_monetary                          - Undefined Weak Reference
    _get_lc_numeric                           - Undefined Weak Reference
    _get_lc_time                              - Undefined Weak Reference
    _getenv_init                              - Undefined Weak Reference
    _handle_redirection                       - Undefined Weak Reference
    _init_alloc                               - Undefined Weak Reference
    _init_user_alloc                          - Undefined Weak Reference
    _initio                                   - Undefined Weak Reference
    _printf_post_padding                      - Undefined Weak Reference
    _printf_pre_padding                       - Undefined Weak Reference
    _printf_truncate_signed                   - Undefined Weak Reference
    _printf_truncate_unsigned                 - Undefined Weak Reference
    _rand_init                                - Undefined Weak Reference
    _signal_finish                            - Undefined Weak Reference
    _signal_init                              - Undefined Weak Reference
    _terminate_alloc                          - Undefined Weak Reference
    _terminate_user_alloc                     - Undefined Weak Reference
    _terminateio                              - Undefined Weak Reference
    __Vectors_Size                           0x00000194   Number         0  startup_stm32f401xe.o ABSOLUTE
    __Vectors                                0x08000000   Data           4  startup_stm32f401xe.o(RESET)
    __Vectors_End                            0x08000194   Data           0  startup_stm32f401xe.o(RESET)
    __main                                   0x08000195   Thumb Code     8  __main.o(!!!main)
    __scatterload                            0x0800019d   Thumb Code     0  __scatter.o(!!!scatter)
    __scatterload_rt2                        0x0800019d   Thumb Code    44  __scatter.o(!!!scatter)
    __scatterload_rt2_thumb_only             0x0800019d   Thumb Code     0  __scatter.o(!!!scatter)
    __scatterload_null                       0x080001ab   Thumb Code     0  __scatter.o(!!!scatter)
    __scatterload_copy                       0x080001d1   Thumb Code    26  __scatter_copy.o(!!handler_copy)
    __scatterload_zeroinit                   0x080001ed   Thumb Code    28  __scatter_zi.o(!!handler_zi)
    _printf_d                                0x08000209   Thumb Code     0  _printf_d.o(.ARM.Collect$$_printf_percent$$00000009)
    _printf_percent                          0x08000209   Thumb Code     0  _printf_percent.o(.ARM.Collect$$_printf_percent$$00000000)
    _printf_percent_end                      0x0800020f   Thumb Code     0  _printf_percent_end.o(.ARM.Collect$$_printf_percent$$00000017)
    __rt_lib_init                            0x08000213   Thumb Code     0  libinit.o(.ARM.Collect$$libinit$$00000000)
    __rt_lib_init_fp_1                       0x08000215   Thumb Code     0  libinit2.o(.ARM.Collect$$libinit$$00000001)
    __rt_lib_init_alloca_1                   0x08000219   Thumb Code     0  libinit2.o(.ARM.Collect$$libinit$$0000002E)
    __rt_lib_init_argv_1                     0x08000219   Thumb Code     0  libinit2.o(.ARM.Collect$$libinit$$0000002C)
    __rt_lib_init_atexit_1                   0x08000219   Thumb Code     0  libinit2.o(.ARM.Collect$$libinit$$0000001B)
    __rt_lib_init_clock_1                    0x08000219   Thumb Code     0  libinit2.o(.ARM.Collect$$libinit$$00000021)
    __rt_lib_init_cpp_1                      0x08000219   Thumb Code     0  libinit2.o(.ARM.Collect$$libinit$$00000032)
    __rt_lib_init_exceptions_1               0x08000219   Thumb Code     0  libinit2.o(.ARM.Collect$$libinit$$00000030)
    __rt_lib_init_fp_trap_1                  0x08000219   Thumb Code     0  libinit2.o(.ARM.Collect$$libinit$$0000001F)
    __rt_lib_init_getenv_1                   0x08000219   Thumb Code     0  libinit2.o(.ARM.Collect$$libinit$$00000023)
    __rt_lib_init_heap_1                     0x08000219   Thumb Code     0  libinit2.o(.ARM.Collect$$libinit$$0000000A)
    __rt_lib_init_lc_collate_1               0x08000219   Thumb Code     0  libinit2.o(.ARM.Collect$$libinit$$00000011)
    __rt_lib_init_lc_ctype_1                 0x08000219   Thumb Code     0  libinit2.o(.ARM.Collect$$libinit$$00000013)
    __rt_lib_init_lc_monetary_1              0x08000219   Thumb Code     0  libinit2.o(.ARM.Collect$$libinit$$00000015)
    __rt_lib_init_lc_numeric_1               0x08000219   Thumb Code     0  libinit2.o(.ARM.Collect$$libinit$$00000017)
    __rt_lib_init_lc_time_1                  0x08000219   Thumb Code     0  libinit2.o(.ARM.Collect$$libinit$$00000019)
    __rt_lib_init_preinit_1                  0x08000219   Thumb Code     0  libinit2.o(.ARM.Collect$$libinit$$00000004)
    __rt_lib_init_rand_1                     0x08000219   Thumb Code     0  libinit2.o(.ARM.Collect$$libinit$$0000000E)
    __rt_lib_init_return                     0x08000219   Thumb Code     0  libinit2.o(.ARM.Collect$$libinit$$00000033)
    __rt_lib_init_signal_1                   0x08000219   Thumb Code     0  libinit2.o(.ARM.Collect$$libinit$$0000001D)
    __rt_lib_init_stdio_1                    0x08000219   Thumb Code     0  libinit2.o(.ARM.Collect$$libinit$$00000025)
    __rt_lib_init_user_alloc_1               0x08000219   Thumb Code     0  libinit2.o(.ARM.Collect$$libinit$$0000000C)
    __rt_lib_shutdown                        0x0800021b   Thumb Code     0  libshutdown.o(.ARM.Collect$$libshutdown$$00000000)
    __rt_lib_shutdown_cpp_1                  0x0800021d   Thumb Code     0  libshutdown2.o(.ARM.Collect$$libshutdown$$00000002)
    __rt_lib_shutdown_fp_trap_1              0x0800021d   Thumb Code     0  libshutdown2.o(.ARM.Collect$$libshutdown$$00000007)
    __rt_lib_shutdown_heap_1                 0x0800021d   Thumb Code     0  libshutdown2.o(.ARM.Collect$$libshutdown$$0000000F)
    __rt_lib_shutdown_return                 0x0800021d   Thumb Code     0  libshutdown2.o(.ARM.Collect$$libshutdown$$00000010)
    __rt_lib_shutdown_signal_1               0x0800021d   Thumb Code     0  libshutdown2.o(.ARM.Collect$$libshutdown$$0000000A)
    __rt_lib_shutdown_stdio_1                0x0800021d   Thumb Code     0  libshutdown2.o(.ARM.Collect$$libshutdown$$00000004)
    __rt_lib_shutdown_user_alloc_1           0x0800021d   Thumb Code     0  libshutdown2.o(.ARM.Collect$$libshutdown$$0000000C)
    __rt_entry                               0x0800021f   Thumb Code     0  __rtentry.o(.ARM.Collect$$rtentry$$00000000)
    __rt_entry_presh_1                       0x0800021f   Thumb Code     0  __rtentry2.o(.ARM.Collect$$rtentry$$00000002)
    __rt_entry_sh                            0x0800021f   Thumb Code     0  __rtentry4.o(.ARM.Collect$$rtentry$$00000004)
    __rt_entry_li                            0x08000225   Thumb Code     0  __rtentry2.o(.ARM.Collect$$rtentry$$0000000A)
    __rt_entry_postsh_1                      0x08000225   Thumb Code     0  __rtentry2.o(.ARM.Collect$$rtentry$$00000009)
    __rt_entry_main                          0x08000229   Thumb Code     0  __rtentry2.o(.ARM.Collect$$rtentry$$0000000D)
    __rt_entry_postli_1                      0x08000229   Thumb Code     0  __rtentry2.o(.ARM.Collect$$rtentry$$0000000C)
    __rt_exit                                0x08000231   Thumb Code     0  rtexit.o(.ARM.Collect$$rtexit$$00000000)
    __rt_exit_ls                             0x08000233   Thumb Code     0  rtexit2.o(.ARM.Collect$$rtexit$$00000003)
    __rt_exit_prels_1                        0x08000233   Thumb Code     0  rtexit2.o(.ARM.Collect$$rtexit$$00000002)
    __rt_exit_exit                           0x08000237   Thumb Code     0  rtexit2.o(.ARM.Collect$$rtexit$$00000004)
    Reset_Handler                            0x0800023d   Thumb Code     8  startup_stm32f401xe.o(.text)
    SVC_Handler                              0x0800024f   Thumb Code     2  startup_stm32f401xe.o(.text)
    ADC_IRQHandler                           0x08000257   Thumb Code     0  startup_stm32f401xe.o(.text)
    DMA1_Stream0_IRQHandler                  0x08000257   Thumb Code     0  startup_stm32f401xe.o(.text)
    DMA1_Stream1_IRQHandler                  0x08000257   Thumb Code     0  startup_stm32f401xe.o(.text)
    DMA1_Stream2_IRQHandler                  0x08000257   Thumb Code     0  startup_stm32f401xe.o(.text)
    DMA1_Stream3_IRQHandler                  0x08000257   Thumb Code     0  startup_stm32f401xe.o(.text)
    DMA1_Stream4_IRQHandler                  0x08000257   Thumb Code     0  startup_stm32f401xe.o(.text)
    DMA1_Stream5_IRQHandler                  0x08000257   Thumb Code     0  startup_stm32f401xe.o(.text)
    DMA1_Stream6_IRQHandler                  0x08000257   Thumb Code     0  startup_stm32f401xe.o(.text)
    DMA1_Stream7_IRQHandler                  0x08000257   Thumb Code     0  startup_stm32f401xe.o(.text)
    DMA2_Stream0_IRQHandler                  0x08000257   Thumb Code     0  startup_stm32f401xe.o(.text)
    DMA2_Stream1_IRQHandler                  0x08000257   Thumb Code     0  startup_stm32f401xe.o(.text)
    DMA2_Stream2_IRQHandler                  0x08000257   Thumb Code     0  startup_stm32f401xe.o(.text)
    DMA2_Stream3_IRQHandler                  0x08000257   Thumb Code     0  startup_stm32f401xe.o(.text)
    DMA2_Stream4_IRQHandler                  0x08000257   Thumb Code     0  startup_stm32f401xe.o(.text)
    DMA2_Stream5_IRQHandler                  0x08000257   Thumb Code     0  startup_stm32f401xe.o(.text)
    DMA2_Stream6_IRQHandler                  0x08000257   Thumb Code     0  startup_stm32f401xe.o(.text)
    DMA2_Stream7_IRQHandler                  0x08000257   Thumb Code     0  startup_stm32f401xe.o(.text)
    EXTI0_IRQHandler                         0x08000257   Thumb Code     0  startup_stm32f401xe.o(.text)
    EXTI15_10_IRQHandler                     0x08000257   Thumb Code     0  startup_stm32f401xe.o(.text)
    EXTI1_IRQHandler                         0x08000257   Thumb Code     0  startup_stm32f401xe.o(.text)
    EXTI2_IRQHandler                         0x08000257   Thumb Code     0  startup_stm32f401xe.o(.text)
    EXTI3_IRQHandler                         0x08000257   Thumb Code     0  startup_stm32f401xe.o(.text)
    EXTI4_IRQHandler                         0x08000257   Thumb Code     0  startup_stm32f401xe.o(.text)
    EXTI9_5_IRQHandler                       0x08000257   Thumb Code     0  startup_stm32f401xe.o(.text)
    FLASH_IRQHandler                         0x08000257   Thumb Code     0  startup_stm32f401xe.o(.text)
    FPU_IRQHandler                           0x08000257   Thumb Code     0  startup_stm32f401xe.o(.text)
    I2C1_ER_IRQHandler                       0x08000257   Thumb Code     0  startup_stm32f401xe.o(.text)
    I2C1_EV_IRQHandler                       0x08000257   Thumb Code     0  startup_stm32f401xe.o(.text)
    I2C2_ER_IRQHandler                       0x08000257   Thumb Code     0  startup_stm32f401xe.o(.text)
    I2C2_EV_IRQHandler                       0x08000257   Thumb Code     0  startup_stm32f401xe.o(.text)
    I2C3_ER_IRQHandler                       0x08000257   Thumb Code     0  startup_stm32f401xe.o(.text)
    I2C3_EV_IRQHandler                       0x08000257   Thumb Code     0  startup_stm32f401xe.o(.text)
    OTG_FS_IRQHandler                        0x08000257   Thumb Code     0  startup_stm32f401xe.o(.text)
    OTG_FS_WKUP_IRQHandler                   0x08000257   Thumb Code     0  startup_stm32f401xe.o(.text)
    PVD_IRQHandler                           0x08000257   Thumb Code     0  startup_stm32f401xe.o(.text)
    RCC_IRQHandler                           0x08000257   Thumb Code     0  startup_stm32f401xe.o(.text)
    RTC_Alarm_IRQHandler                     0x08000257   Thumb Code     0  startup_stm32f401xe.o(.text)
    RTC_WKUP_IRQHandler                      0x08000257   Thumb Code     0  startup_stm32f401xe.o(.text)
    SDIO_IRQHandler                          0x08000257   Thumb Code     0  startup_stm32f401xe.o(.text)
    SPI1_IRQHandler                          0x08000257   Thumb Code     0  startup_stm32f401xe.o(.text)
    SPI2_IRQHandler                          0x08000257   Thumb Code     0  startup_stm32f401xe.o(.text)
    SPI3_IRQHandler                          0x08000257   Thumb Code     0  startup_stm32f401xe.o(.text)
    SPI4_IRQHandler                          0x08000257   Thumb Code     0  startup_stm32f401xe.o(.text)
    TAMP_STAMP_IRQHandler                    0x08000257   Thumb Code     0  startup_stm32f401xe.o(.text)
    TIM1_BRK_TIM9_IRQHandler                 0x08000257   Thumb Code     0  startup_stm32f401xe.o(.text)
    TIM1_CC_IRQHandler                       0x08000257   Thumb Code     0  startup_stm32f401xe.o(.text)
    TIM1_TRG_COM_TIM11_IRQHandler            0x08000257   Thumb Code     0  startup_stm32f401xe.o(.text)
    TIM1_UP_TIM10_IRQHandler                 0x08000257   Thumb Code     0  startup_stm32f401xe.o(.text)
    TIM3_IRQHandler                          0x08000257   Thumb Code     0  startup_stm32f401xe.o(.text)
    TIM5_IRQHandler                          0x08000257   Thumb Code     0  startup_stm32f401xe.o(.text)
    USART1_IRQHandler                        0x08000257   Thumb Code     0  startup_stm32f401xe.o(.text)
    USART2_IRQHandler                        0x08000257   Thumb Code     0  startup_stm32f401xe.o(.text)
    USART6_IRQHandler                        0x08000257   Thumb Code     0  startup_stm32f401xe.o(.text)
    WWDG_IRQHandler                          0x08000257   Thumb Code     0  startup_stm32f401xe.o(.text)
    __user_initial_stackheap                 0x08000259   Thumb Code     0  startup_stm32f401xe.o(.text)
    OS_CPU_FP_Reg_Push                       0x0800027d   Thumb Code     0  os_cpu_a.o(.text)
    OS_CPU_FP_Reg_Pop                        0x0800028f   Thumb Code     0  os_cpu_a.o(.text)
    OS_CPU_SR_Save                           0x0800029b   Thumb Code     0  os_cpu_a.o(.text)
    OS_CPU_SR_Restore                        0x080002b7   Thumb Code     0  os_cpu_a.o(.text)
    OSStartHighRdy                           0x080002c9   Thumb Code     0  os_cpu_a.o(.text)
    OSCtxSw                                  0x08000321   Thumb Code     0  os_cpu_a.o(.text)
    OSIntCtxSw                               0x08000321   Thumb Code     0  os_cpu_a.o(.text)
    OS_CPU_PendSVHandler                     0x0800032b   Thumb Code     0  os_cpu_a.o(.text)
    PendSV_Handler                           0x0800032b   Thumb Code     0  os_cpu_a.o(.text)
    __aeabi_ldivmod                          0x080003b1   Thumb Code     0  llsdiv.o(.text)
    _ll_sdiv                                 0x080003b1   Thumb Code    72  llsdiv.o(.text)
    __2sprintf                               0x080003f9   Thumb Code    34  noretval__2sprintf.o(.text)
    __printf                                 0x08000421   Thumb Code   104  __printf.o(.text)
    _printf_int_dec                          0x08000489   Thumb Code   104  _printf_dec.o(.text)
    strlen                                   0x08000501   Thumb Code    62  strlen.o(.text)
    __aeabi_memcpy4                          0x0800053f   Thumb Code     0  rt_memcpy_w.o(.text)
    __aeabi_memcpy8                          0x0800053f   Thumb Code     0  rt_memcpy_w.o(.text)
    __rt_memcpy_w                            0x0800053f   Thumb Code   100  rt_memcpy_w.o(.text)
    _memcpy_lastbytes_aligned                0x08000587   Thumb Code     0  rt_memcpy_w.o(.text)
    __aeabi_memclr4                          0x080005a3   Thumb Code     0  rt_memclr_w.o(.text)
    __aeabi_memclr8                          0x080005a3   Thumb Code     0  rt_memclr_w.o(.text)
    __rt_memclr_w                            0x080005a3   Thumb Code    78  rt_memclr_w.o(.text)
    _memset_w                                0x080005a7   Thumb Code     0  rt_memclr_w.o(.text)
    __use_two_region_memory                  0x080005f1   Thumb Code     2  heapauxi.o(.text)
    __rt_heap_escrow$2region                 0x080005f3   Thumb Code     2  heapauxi.o(.text)
    __rt_heap_expand$2region                 0x080005f5   Thumb Code     2  heapauxi.o(.text)
    __aeabi_uldivmod                         0x080005f7   Thumb Code     0  lludivv7m.o(.text)
    _ll_udiv                                 0x080005f7   Thumb Code   238  lludivv7m.o(.text)
    __read_errno                             0x080006e5   Thumb Code    10  _rserrno.o(.text)
    __set_errno                              0x080006ef   Thumb Code    12  _rserrno.o(.text)
    _printf_int_common                       0x080006fb   Thumb Code   178  _printf_intcommon.o(.text)
    _printf_char_common                      0x080007b7   Thumb Code    32  _printf_char_common.o(.text)
    _sputc                                   0x080007dd   Thumb Code    10  _sputc.o(.text)
    __aeabi_errno_addr                       0x080007e9   Thumb Code     8  rt_errno_addr_intlibspace.o(.text)
    __errno$intlibspace                      0x080007e9   Thumb Code     0  rt_errno_addr_intlibspace.o(.text)
    __rt_errno_addr$intlibspace              0x080007e9   Thumb Code     0  rt_errno_addr_intlibspace.o(.text)
    __user_libspace                          0x080007f1   Thumb Code     8  libspace.o(.text)
    __user_perproc_libspace                  0x080007f1   Thumb Code     0  libspace.o(.text)
    __user_perthread_libspace                0x080007f1   Thumb Code     0  libspace.o(.text)
    __user_setup_stackheap                   0x080007f9   Thumb Code    74  sys_stackheap_outer.o(.text)
    exit                                     0x08000843   Thumb Code    18  exit.o(.text)
    _sys_exit                                0x08000855   Thumb Code     8  sys_exit.o(.text)
    __I$use$semihosting                      0x08000861   Thumb Code     0  use_no_semi.o(.text)
    __use_no_semihosting_swi                 0x08000861   Thumb Code     2  use_no_semi.o(.text)
    __semihosting_library_function           0x08000863   Thumb Code     0  indicate_semi.o(.text)
    App_TCBInitHook                          0x080008d1   Thumb Code     2  app_hooks.o(i.App_TCBInitHook)
    App_TaskCreateHook                       0x080008d3   Thumb Code     2  app_hooks.o(i.App_TaskCreateHook)
    App_TaskDelHook                          0x080008d5   Thumb Code     2  app_hooks.o(i.App_TaskDelHook)
    App_TaskIdleHook                         0x080008d7   Thumb Code     2  app_hooks.o(i.App_TaskIdleHook)
    App_TaskReturnHook                       0x080008d9   Thumb Code     2  app_hooks.o(i.App_TaskReturnHook)
    App_TaskStatHook                         0x080008db   Thumb Code     2  app_hooks.o(i.App_TaskStatHook)
    App_TaskSwHook                           0x080008dd   Thumb Code     2  app_hooks.o(i.App_TaskSwHook)
    App_TimeTickHook                         0x080008df   Thumb Code     2  app_hooks.o(i.App_TimeTickHook)
    BLDC_Init                                0x080008e1   Thumb Code   568  bldc.o(i.BLDC_Init)
    BLDC_SetThrottle_us                      0x08000b2d   Thumb Code    90  bldc.o(i.BLDC_SetThrottle_us)
    BusFault_Handler                         0x08000c55   Thumb Code     4  stm32f4xx_it.o(i.BusFault_Handler)
    DebugMon_Handler                         0x08000c59   Thumb Code     2  stm32f4xx_it.o(i.DebugMon_Handler)
    Error_Handler                            0x08000c5b   Thumb Code     6  main.o(i.Error_Handler)
    HAL_Delay                                0x08000c61   Thumb Code    26  stm32f4xx_hal.o(i.HAL_Delay)
    HAL_GPIO_Init                            0x08000c7d   Thumb Code   436  stm32f4xx_hal_gpio.o(i.HAL_GPIO_Init)
    HAL_GPIO_ReadPin                         0x08000e51   Thumb Code    16  stm32f4xx_hal_gpio.o(i.HAL_GPIO_ReadPin)
    HAL_GPIO_WritePin                        0x08000e61   Thumb Code    12  stm32f4xx_hal_gpio.o(i.HAL_GPIO_WritePin)
    HAL_GetTick                              0x08000e6d   Thumb Code     6  stm32f4xx_hal.o(i.HAL_GetTick)
    HAL_IncTick                              0x08000e79   Thumb Code    12  stm32f4xx_hal.o(i.HAL_IncTick)
    HAL_Init                                 0x08000e89   Thumb Code    54  stm32f4xx_hal.o(i.HAL_Init)
    HAL_InitTick                             0x08000ec5   Thumb Code    36  stm32f4xx_hal.o(i.HAL_InitTick)
    HAL_MspInit                              0x08000eed   Thumb Code     2  stm32f4xx_hal.o(i.HAL_MspInit)
    HAL_NVIC_EnableIRQ                       0x08000eef   Thumb Code    26  stm32f4xx_hal_cortex.o(i.HAL_NVIC_EnableIRQ)
    HAL_NVIC_SetPriority                     0x08000f09   Thumb Code   124  stm32f4xx_hal_cortex.o(i.HAL_NVIC_SetPriority)
    HAL_NVIC_SetPriorityGrouping             0x08000f85   Thumb Code    32  stm32f4xx_hal_cortex.o(i.HAL_NVIC_SetPriorityGrouping)
    HAL_RCC_ClockConfig                      0x08000fad   Thumb Code   446  stm32f4xx_hal_rcc.o(i.HAL_RCC_ClockConfig)
    HAL_RCC_GetHCLKFreq                      0x0800117d   Thumb Code     6  stm32f4xx_hal_rcc.o(i.HAL_RCC_GetHCLKFreq)
    HAL_RCC_GetPCLK1Freq                     0x08001189   Thumb Code    36  stm32f4xx_hal_rcc.o(i.HAL_RCC_GetPCLK1Freq)
    HAL_RCC_GetPCLK2Freq                     0x080011b5   Thumb Code    36  stm32f4xx_hal_rcc.o(i.HAL_RCC_GetPCLK2Freq)
    HAL_RCC_GetSysClockFreq                  0x080011e1   Thumb Code   168  stm32f4xx_hal_rcc.o(i.HAL_RCC_GetSysClockFreq)
    HAL_RCC_OscConfig                        0x08001295   Thumb Code   906  stm32f4xx_hal_rcc.o(i.HAL_RCC_OscConfig)
    HAL_SYSTICK_Config                       0x08001631   Thumb Code    52  stm32f4xx_hal_cortex.o(i.HAL_SYSTICK_Config)
    HAL_TIMEx_BreakCallback                  0x08001665   Thumb Code     2  stm32f4xx_hal_tim_ex.o(i.HAL_TIMEx_BreakCallback)
    HAL_TIMEx_CommutationCallback            0x08001667   Thumb Code     2  stm32f4xx_hal_tim_ex.o(i.HAL_TIMEx_CommutationCallback)
    HAL_TIM_Base_Init                        0x08001669   Thumb Code    52  stm32f4xx_hal_tim.o(i.HAL_TIM_Base_Init)
    HAL_TIM_Base_MspInit                     0x0800169d   Thumb Code     2  stm32f4xx_hal_tim.o(i.HAL_TIM_Base_MspInit)
    HAL_TIM_Base_Start                       0x0800169f   Thumb Code    30  stm32f4xx_hal_tim.o(i.HAL_TIM_Base_Start)
    HAL_TIM_Base_Stop                        0x080016bd   Thumb Code    56  stm32f4xx_hal_tim.o(i.HAL_TIM_Base_Stop)
    HAL_TIM_IC_CaptureCallback               0x080016f5   Thumb Code   534  receive_ic.o(i.HAL_TIM_IC_CaptureCallback)
    HAL_TIM_IC_ConfigChannel                 0x0800191d   Thumb Code   224  stm32f4xx_hal_tim.o(i.HAL_TIM_IC_ConfigChannel)
    HAL_TIM_IC_Init                          0x080019fd   Thumb Code    52  stm32f4xx_hal_tim.o(i.HAL_TIM_IC_Init)
    HAL_TIM_IC_MspInit                       0x08001a31   Thumb Code     2  stm32f4xx_hal_tim.o(i.HAL_TIM_IC_MspInit)
    HAL_TIM_IC_Start_IT                      0x08001a33   Thumb Code   108  stm32f4xx_hal_tim.o(i.HAL_TIM_IC_Start_IT)
    HAL_TIM_IC_Stop_IT                       0x08001a9f   Thumb Code   134  stm32f4xx_hal_tim.o(i.HAL_TIM_IC_Stop_IT)
    HAL_TIM_IRQHandler                       0x08001b25   Thumb Code   406  stm32f4xx_hal_tim.o(i.HAL_TIM_IRQHandler)
    HAL_TIM_OC_DelayElapsedCallback          0x08001cbb   Thumb Code     2  stm32f4xx_hal_tim.o(i.HAL_TIM_OC_DelayElapsedCallback)
    HAL_TIM_PWM_ConfigChannel                0x08001cbd   Thumb Code   264  stm32f4xx_hal_tim.o(i.HAL_TIM_PWM_ConfigChannel)
    HAL_TIM_PWM_Init                         0x08001dc5   Thumb Code    52  stm32f4xx_hal_tim.o(i.HAL_TIM_PWM_Init)
    HAL_TIM_PWM_MspInit                      0x08001df9   Thumb Code     2  stm32f4xx_hal_tim.o(i.HAL_TIM_PWM_MspInit)
    HAL_TIM_PWM_PulseFinishedCallback        0x08001dfb   Thumb Code     2  stm32f4xx_hal_tim.o(i.HAL_TIM_PWM_PulseFinishedCallback)
    HAL_TIM_PWM_Start                        0x08001dfd   Thumb Code    60  stm32f4xx_hal_tim.o(i.HAL_TIM_PWM_Start)
    HAL_TIM_PeriodElapsedCallback            0x08001e3d   Thumb Code     2  stm32f4xx_hal_tim.o(i.HAL_TIM_PeriodElapsedCallback)
    HAL_TIM_ReadCapturedValue                0x08001e3f   Thumb Code    84  stm32f4xx_hal_tim.o(i.HAL_TIM_ReadCapturedValue)
    HAL_TIM_TriggerCallback                  0x08001e93   Thumb Code     2  stm32f4xx_hal_tim.o(i.HAL_TIM_TriggerCallback)
    HAL_UART_Init                            0x08001e95   Thumb Code   114  stm32f4xx_hal_uart.o(i.HAL_UART_Init)
    HAL_UART_MspInit                         0x08001f07   Thumb Code     2  stm32f4xx_hal_uart.o(i.HAL_UART_MspInit)
    HAL_UART_Transmit                        0x08001f09   Thumb Code   214  stm32f4xx_hal_uart.o(i.HAL_UART_Transmit)
    HMC5883L_GetData                         0x08001fdf   Thumb Code    88  gy86.o(i.HMC5883L_GetData)
    HMC5883L_Init                            0x08002039   Thumb Code    44  gy86.o(i.HMC5883L_Init)
    HMC5883L_ReadReg                         0x08002069   Thumb Code    62  gy86.o(i.HMC5883L_ReadReg)
    HMC5883L_WriteReg                        0x080020a7   Thumb Code    46  gy86.o(i.HMC5883L_WriteReg)
    HardFault_Handler                        0x080020d5   Thumb Code     4  stm32f4xx_it.o(i.HardFault_Handler)
    IC_Init                                  0x080020d9   Thumb Code   414  receive_ic.o(i.IC_Init)
    MPU6050_GetData                          0x08002291   Thumb Code   172  gy86.o(i.MPU6050_GetData)
    MPU6050_GetId                            0x0800233d   Thumb Code    10  gy86.o(i.MPU6050_GetId)
    MPU6050_Init                             0x08002349   Thumb Code    68  gy86.o(i.MPU6050_Init)
    MPU6050_ReadReg                          0x08002391   Thumb Code    62  gy86.o(i.MPU6050_ReadReg)
    MPU6050_WriteReg                         0x080023cf   Thumb Code    46  gy86.o(i.MPU6050_WriteReg)
    MS561101BA_GetData                       0x080023fd   Thumb Code   628  gy86.o(i.MS561101BA_GetData)
    MS561101BA_Init                          0x080026b9   Thumb Code    20  gy86.o(i.MS561101BA_Init)
    MS561101BA_ReadADC                       0x080026d5   Thumb Code    90  gy86.o(i.MS561101BA_ReadADC)
    MS561101BA_ReadPROM                      0x0800272f   Thumb Code    88  gy86.o(i.MS561101BA_ReadPROM)
    MS561101BA_ReadPROM_All                  0x08002787   Thumb Code    54  gy86.o(i.MS561101BA_ReadPROM_All)
    MS561101BA_ReadPressureRaw               0x080027bd   Thumb Code    28  gy86.o(i.MS561101BA_ReadPressureRaw)
    MS561101BA_ReadTemperatureRaw            0x080027d9   Thumb Code    28  gy86.o(i.MS561101BA_ReadTemperatureRaw)
    MS561101BA_Reset                         0x080027f5   Thumb Code    54  gy86.o(i.MS561101BA_Reset)
    MS561101BA_StartConversionD1             0x08002831   Thumb Code    38  gy86.o(i.MS561101BA_StartConversionD1)
    MS561101BA_StartConversionD2             0x08002857   Thumb Code    38  gy86.o(i.MS561101BA_StartConversionD2)
    MemManage_Handler                        0x0800287d   Thumb Code     4  stm32f4xx_it.o(i.MemManage_Handler)
    MyI2C_Init                               0x08002881   Thumb Code    90  myi2c.o(i.MyI2C_Init)
    MyI2C_R_SDA                              0x080028e5   Thumb Code    24  myi2c.o(i.MyI2C_R_SDA)
    MyI2C_ReceiveAck                         0x08002901   Thumb Code    30  myi2c.o(i.MyI2C_ReceiveAck)
    MyI2C_ReceiveByte                        0x0800291f   Thumb Code    52  myi2c.o(i.MyI2C_ReceiveByte)
    MyI2C_SendAck                            0x08002953   Thumb Code    24  myi2c.o(i.MyI2C_SendAck)
    MyI2C_SendByte                           0x0800296b   Thumb Code    42  myi2c.o(i.MyI2C_SendByte)
    MyI2C_Start                              0x08002995   Thumb Code    28  myi2c.o(i.MyI2C_Start)
    MyI2C_Stop                               0x080029b1   Thumb Code    22  myi2c.o(i.MyI2C_Stop)
    MyI2C_W_SCL                              0x080029c9   Thumb Code    24  myi2c.o(i.MyI2C_W_SCL)
    MyI2C_W_SDA                              0x080029e5   Thumb Code    24  myi2c.o(i.MyI2C_W_SDA)
    NMI_Handler                              0x08002a01   Thumb Code     2  stm32f4xx_it.o(i.NMI_Handler)
    OLED_Clear                               0x08002a3d   Thumb Code    42  oled.o(i.OLED_Clear)
    OLED_I2C_Init                            0x08002a69   Thumb Code    92  oled.o(i.OLED_I2C_Init)
    OLED_I2C_SendByte                        0x08002acd   Thumb Code    82  oled.o(i.OLED_I2C_SendByte)
    OLED_I2C_Start                           0x08002b25   Thumb Code    44  oled.o(i.OLED_I2C_Start)
    OLED_I2C_Stop                            0x08002b55   Thumb Code    34  oled.o(i.OLED_I2C_Stop)
    OLED_Init                                0x08002b7d   Thumb Code   174  oled.o(i.OLED_Init)
    OLED_SetCursor                           0x08002c2b   Thumb Code    34  oled.o(i.OLED_SetCursor)
    OLED_WriteCommand                        0x08002c4d   Thumb Code    32  oled.o(i.OLED_WriteCommand)
    OLED_WriteData                           0x08002c6d   Thumb Code    32  oled.o(i.OLED_WriteData)
    OSDebugInit                              0x08002c8d   Thumb Code   118  os_dbg_r.o(i.OSDebugInit)
    OSEventNameSet                           0x08002de9   Thumb Code   110  os_core.o(i.OSEventNameSet)
    OSInit                                   0x08002e5d   Thumb Code    56  os_core.o(i.OSInit)
    OSInitHookBegin                          0x08002e95   Thumb Code    68  os_cpu_c.o(i.OSInitHookBegin)
    OSInitHookEnd                            0x08002ef1   Thumb Code     2  os_cpu_c.o(i.OSInitHookEnd)
    OSIntEnter                               0x08002ef5   Thumb Code    28  os_core.o(i.OSIntEnter)
    OSIntExit                                0x08002f19   Thumb Code   122  os_core.o(i.OSIntExit)
    OSSchedLock                              0x08002fb5   Thumb Code    60  os_core.o(i.OSSchedLock)
    OSSchedUnlock                            0x08002ffd   Thumb Code   100  os_core.o(i.OSSchedUnlock)
    OSSemCreate                              0x0800306d   Thumb Code    82  os_sem.o(i.OSSemCreate)
    OSSemPend                                0x080030cd   Thumb Code   266  os_sem.o(i.OSSemPend)
    OSSemPost                                0x080031e5   Thumb Code   112  os_sem.o(i.OSSemPost)
    OSStart                                  0x08003255   Thumb Code    48  os_core.o(i.OSStart)
    OSTCBInitHook                            0x0800329d   Thumb Code    12  os_cpu_c.o(i.OSTCBInitHook)
    OSTaskCreate                             0x080032a9   Thumb Code   186  os_task.o(i.OSTaskCreate)
    OSTaskCreateExt                          0x08003371   Thumb Code   206  os_task.o(i.OSTaskCreateExt)
    OSTaskCreateHook                         0x0800344d   Thumb Code    12  os_cpu_c.o(i.OSTaskCreateHook)
    OSTaskDel                                0x08003459   Thumb Code   346  os_task.o(i.OSTaskDel)
    OSTaskDelHook                            0x080035e1   Thumb Code    12  os_cpu_c.o(i.OSTaskDelHook)
    OSTaskIdleHook                           0x080035ed   Thumb Code     8  os_cpu_c.o(i.OSTaskIdleHook)
    OSTaskNameSet                            0x080035f5   Thumb Code   138  os_task.o(i.OSTaskNameSet)
    OSTaskReturnHook                         0x0800368d   Thumb Code    12  os_cpu_c.o(i.OSTaskReturnHook)
    OSTaskStatHook                           0x08003699   Thumb Code     8  os_cpu_c.o(i.OSTaskStatHook)
    OSTaskStkChk                             0x080036a1   Thumb Code   168  os_task.o(i.OSTaskStkChk)
    OSTaskStkInit                            0x08003751   Thumb Code   446  os_cpu_c.o(i.OSTaskStkInit)
    OSTaskSuspend                            0x0800397d   Thumb Code   190  os_task.o(i.OSTaskSuspend)
    OSTaskSwHook                             0x08003a4d   Thumb Code    28  os_cpu_c.o(i.OSTaskSwHook)
    OSTimeDly                                0x08003a71   Thumb Code   110  os_time.o(i.OSTimeDly)
    OSTimeDlyHMSM                            0x08003af5   Thumb Code   124  os_time.o(i.OSTimeDlyHMSM)
    OSTimeTick                               0x08003b79   Thumb Code   230  os_core.o(i.OSTimeTick)
    OSTimeTickHook                           0x08003c79   Thumb Code    34  os_cpu_c.o(i.OSTimeTickHook)
    OSTmrSignal                              0x08003ca1   Thumb Code    16  os_tmr.o(i.OSTmrSignal)
    OSTmr_Init                               0x08003cb5   Thumb Code   168  os_tmr.o(i.OSTmr_Init)
    OS_CPU_SysTickHandler                    0x08003f39   Thumb Code    38  os_cpu_c.o(i.OS_CPU_SysTickHandler)
    OS_CPU_SysTickInit                       0x08003f61   Thumb Code    50  os_cpu_c.o(i.OS_CPU_SysTickInit)
    OS_CPU_SysTickInitFreq                   0x08003f99   Thumb Code    20  os_cpu_c.o(i.OS_CPU_SysTickInitFreq)
    OS_Dummy                                 0x08003fad   Thumb Code     2  os_core.o(i.OS_Dummy)
    OS_EventTaskRdy                          0x08003fb1   Thumb Code   132  os_core.o(i.OS_EventTaskRdy)
    OS_EventTaskRemove                       0x08004045   Thumb Code    46  os_core.o(i.OS_EventTaskRemove)
    OS_EventTaskRemoveMulti                  0x08004073   Thumb Code    58  os_core.o(i.OS_EventTaskRemoveMulti)
    OS_EventTaskWait                         0x080040ad   Thumb Code   112  os_core.o(i.OS_EventTaskWait)
    OS_EventWaitListInit                     0x08004129   Thumb Code    28  os_core.o(i.OS_EventWaitListInit)
    OS_FlagInit                              0x08004145   Thumb Code    74  os_flag.o(i.OS_FlagInit)
    OS_FlagUnlink                            0x0800419d   Thumb Code    36  os_flag.o(i.OS_FlagUnlink)
    OS_MemClr                                0x080043e1   Thumb Code    18  os_core.o(i.OS_MemClr)
    OS_MemInit                               0x080043f5   Thumb Code    74  os_mem.o(i.OS_MemInit)
    OS_QInit                                 0x0800444d   Thumb Code    72  os_q.o(i.OS_QInit)
    OS_Sched                                 0x0800449d   Thumb Code    98  os_core.o(i.OS_Sched)
    OS_TCBInit                               0x08004549   Thumb Code   330  os_core.o(i.OS_TCBInit)
    OS_TaskIdle                              0x080046b1   Thumb Code    42  os_core.o(i.OS_TaskIdle)
    OS_TaskReturn                            0x080046e1   Thumb Code    18  os_task.o(i.OS_TaskReturn)
    OS_TaskStat                              0x080046f9   Thumb Code   218  os_core.o(i.OS_TaskStat)
    OS_TaskStatStkChk                        0x080047e9   Thumb Code    54  os_core.o(i.OS_TaskStatStkChk)
    OS_TaskStkClr                            0x08004825   Thumb Code    26  os_task.o(i.OS_TaskStkClr)
    ReadPeripherals_Init                     0x08004841   Thumb Code    34  readperipherals.o(i.ReadPeripherals_Init)
    ReadPeripherals_Process                  0x08004869   Thumb Code   354  readperipherals.o(i.ReadPeripherals_Process)
    Set_Speed                                0x08004a5d   Thumb Code    42  receive_ic.o(i.Set_Speed)
    SysTick_Handler                          0x08004a89   Thumb Code    20  stm32f4xx_it.o(i.SysTick_Handler)
    SystemClock_Config                       0x08004aa1   Thumb Code   176  main.o(i.SystemClock_Config)
    SystemInit                               0x08004b59   Thumb Code    82  system_stm32f4xx.o(i.SystemInit)
    TIM2_IRQHandler                          0x08004bbd   Thumb Code    34  stm32f4xx_it.o(i.TIM2_IRQHandler)
    TIM4_IRQHandler                          0x08004be9   Thumb Code    34  stm32f4xx_it.o(i.TIM4_IRQHandler)
    TIM_Base_SetConfig                       0x08004c15   Thumb Code   148  stm32f4xx_hal_tim.o(i.TIM_Base_SetConfig)
    TIM_CCxChannelCmd                        0x08004cc5   Thumb Code    28  stm32f4xx_hal_tim.o(i.TIM_CCxChannelCmd)
    TIM_OC2_SetConfig                        0x08004d45   Thumb Code   106  stm32f4xx_hal_tim.o(i.TIM_OC2_SetConfig)
    TIM_TI1_SetConfig                        0x08004e79   Thumb Code   110  stm32f4xx_hal_tim.o(i.TIM_TI1_SetConfig)
    Timer_Delay_us                           0x08004fb9   Thumb Code   122  delay.o(i.Timer_Delay_us)
    UsageFault_Handler                       0x08005419   Thumb Code     4  stm32f4xx_it.o(i.UsageFault_Handler)
    __ARM_fpclassifyf                        0x0800541d   Thumb Code    38  fpclassifyf.o(i.__ARM_fpclassifyf)
    __hardfp_powf                            0x08005445   Thumb Code  1606  powf.o(i.__hardfp_powf)
    __mathlib_powf                           0x08005445   Thumb Code     0  powf.o(i.__hardfp_powf)
    __mathlib_flt_divzero                    0x08005aa9   Thumb Code    14  funder.o(i.__mathlib_flt_divzero)
    __mathlib_flt_infnan2                    0x08005abd   Thumb Code     6  funder.o(i.__mathlib_flt_infnan2)
    __mathlib_flt_invalid                    0x08005ac5   Thumb Code    10  funder.o(i.__mathlib_flt_invalid)
    __mathlib_flt_overflow                   0x08005ad5   Thumb Code    10  funder.o(i.__mathlib_flt_overflow)
    __mathlib_flt_underflow                  0x08005ae5   Thumb Code    10  funder.o(i.__mathlib_flt_underflow)
    main                                     0x08005af5   Thumb Code    32  main.o(i.main)
    _fp_init                                 0x08005b1d   Thumb Code    10  fpinit.o(x$fpl$fpinit)
    __fplib_config_fpu_vfp                   0x08005b25   Thumb Code     0  fpinit.o(x$fpl$fpinit)
    __fplib_config_pureend_doubles           0x08005b25   Thumb Code     0  fpinit.o(x$fpl$fpinit)
    APBAHBPrescTable                         0x08005b26   Data          16  stm32f4xx_hal_rcc.o(.constdata)
    __I$use$fp                               0x08005b26   Number         0  usenofp.o(x$fpl$usenofp)
    OSUnMapTbl                               0x08005b36   Data         256  os_core.o(.constdata)
    OSDebugEn                                0x08005c38   Data           2  os_dbg_r.o(.constdata)
    OSEndiannessTest                         0x08005c3c   Data           4  os_dbg_r.o(.constdata)
    OSEventEn                                0x08005c40   Data           2  os_dbg_r.o(.constdata)
    OSEventMax                               0x08005c42   Data           2  os_dbg_r.o(.constdata)
    OSEventNameEn                            0x08005c44   Data           2  os_dbg_r.o(.constdata)
    OSEventSize                              0x08005c46   Data           2  os_dbg_r.o(.constdata)
    OSEventTblSize                           0x08005c48   Data           2  os_dbg_r.o(.constdata)
    OSEventMultiEn                           0x08005c4a   Data           2  os_dbg_r.o(.constdata)
    OSFlagEn                                 0x08005c4c   Data           2  os_dbg_r.o(.constdata)
    OSFlagGrpSize                            0x08005c4e   Data           2  os_dbg_r.o(.constdata)
    OSFlagNodeSize                           0x08005c50   Data           2  os_dbg_r.o(.constdata)
    OSFlagWidth                              0x08005c52   Data           2  os_dbg_r.o(.constdata)
    OSFlagMax                                0x08005c54   Data           2  os_dbg_r.o(.constdata)
    OSFlagNameEn                             0x08005c56   Data           2  os_dbg_r.o(.constdata)
    OSLowestPrio                             0x08005c58   Data           2  os_dbg_r.o(.constdata)
    OSMboxEn                                 0x08005c5a   Data           2  os_dbg_r.o(.constdata)
    OSMemEn                                  0x08005c5c   Data           2  os_dbg_r.o(.constdata)
    OSMemMax                                 0x08005c5e   Data           2  os_dbg_r.o(.constdata)
    OSMemNameEn                              0x08005c60   Data           2  os_dbg_r.o(.constdata)
    OSMemSize                                0x08005c62   Data           2  os_dbg_r.o(.constdata)
    OSMemTblSize                             0x08005c64   Data           2  os_dbg_r.o(.constdata)
    OSMutexEn                                0x08005c66   Data           2  os_dbg_r.o(.constdata)
    OSPtrSize                                0x08005c68   Data           2  os_dbg_r.o(.constdata)
    OSQEn                                    0x08005c6a   Data           2  os_dbg_r.o(.constdata)
    OSQMax                                   0x08005c6c   Data           2  os_dbg_r.o(.constdata)
    OSQSize                                  0x08005c6e   Data           2  os_dbg_r.o(.constdata)
    OSRdyTblSize                             0x08005c70   Data           2  os_dbg_r.o(.constdata)
    OSSemEn                                  0x08005c72   Data           2  os_dbg_r.o(.constdata)
    OSStkWidth                               0x08005c74   Data           2  os_dbg_r.o(.constdata)
    OSTaskCreateEn                           0x08005c76   Data           2  os_dbg_r.o(.constdata)
    OSTaskCreateExtEn                        0x08005c78   Data           2  os_dbg_r.o(.constdata)
    OSTaskDelEn                              0x08005c7a   Data           2  os_dbg_r.o(.constdata)
    OSTaskIdleStkSize                        0x08005c7c   Data           2  os_dbg_r.o(.constdata)
    OSTaskProfileEn                          0x08005c7e   Data           2  os_dbg_r.o(.constdata)
    OSTaskMax                                0x08005c80   Data           2  os_dbg_r.o(.constdata)
    OSTaskNameEn                             0x08005c82   Data           2  os_dbg_r.o(.constdata)
    OSTaskStatEn                             0x08005c84   Data           2  os_dbg_r.o(.constdata)
    OSTaskStatStkSize                        0x08005c86   Data           2  os_dbg_r.o(.constdata)
    OSTaskStatStkChkEn                       0x08005c88   Data           2  os_dbg_r.o(.constdata)
    OSTaskSwHookEn                           0x08005c8a   Data           2  os_dbg_r.o(.constdata)
    OSTaskRegTblSize                         0x08005c8c   Data           2  os_dbg_r.o(.constdata)
    OSTCBPrioTblMax                          0x08005c8e   Data           2  os_dbg_r.o(.constdata)
    OSTCBSize                                0x08005c90   Data           2  os_dbg_r.o(.constdata)
    OSTicksPerSec                            0x08005c92   Data           2  os_dbg_r.o(.constdata)
    OSTimeTickHookEn                         0x08005c94   Data           2  os_dbg_r.o(.constdata)
    OSVersionNbr                             0x08005c96   Data           2  os_dbg_r.o(.constdata)
    OS_TLS_TblSize                           0x08005c98   Data           2  os_dbg_r.o(.constdata)
    OSTmrEn                                  0x08005c9a   Data           2  os_dbg_r.o(.constdata)
    OSTmrCfgMax                              0x08005c9c   Data           2  os_dbg_r.o(.constdata)
    OSTmrCfgNameEn                           0x08005c9e   Data           2  os_dbg_r.o(.constdata)
    OSTmrCfgWheelSize                        0x08005ca0   Data           2  os_dbg_r.o(.constdata)
    OSTmrCfgTicksPerSec                      0x08005ca2   Data           2  os_dbg_r.o(.constdata)
    OSTmrSize                                0x08005ca4   Data           2  os_dbg_r.o(.constdata)
    OSTmrTblSize                             0x08005ca6   Data           2  os_dbg_r.o(.constdata)
    OSTmrWheelSize                           0x08005ca8   Data           2  os_dbg_r.o(.constdata)
    OSTmrWheelTblSize                        0x08005caa   Data           2  os_dbg_r.o(.constdata)
    OSDataSize                               0x08005cac   Data           2  os_dbg_r.o(.constdata)
    Region$$Table$$Base                      0x08005df0   Number         0  anon$$obj.o(Region$$Table)
    Region$$Table$$Limit                     0x08005e10   Number         0  anon$$obj.o(Region$$Table)
    SystemCoreClock                          0x20000000   Data           4  system_stm32f4xx.o(.data)
    uwTick                                   0x20000004   Data           4  stm32f4xx_hal.o(.data)
    PWM_IN_Wid                               0x20000008   Data           8  main.o(.data)
    already_init                             0x20000011   Data           1  gy86.o(.data)
    OS_CPU_ExceptStkBase                     0x20000020   Data           4  os_cpu_c.o(.data)
    OS_KA_BASEPRI_Boundary                   0x20000028   Data           4  os_cpu_c.o(.data)
    OSCtxSwCtr                               0x2000002c   Data           4  os_core.o(.data)
    OSEventFreeList                          0x20000030   Data           4  os_core.o(.data)
    OSFlagFreeList                           0x20000034   Data           4  os_core.o(.data)
    OSCPUUsage                               0x20000038   Data           1  os_core.o(.data)
    OSIdleCtrMax                             0x2000003c   Data           4  os_core.o(.data)
    OSIdleCtrRun                             0x20000040   Data           4  os_core.o(.data)
    OSStatRdy                                0x20000044   Data           1  os_core.o(.data)
    OSIntNesting                             0x20000045   Data           1  os_core.o(.data)
    OSLockNesting                            0x20000046   Data           1  os_core.o(.data)
    OSPrioCur                                0x20000047   Data           1  os_core.o(.data)
    OSPrioHighRdy                            0x20000048   Data           1  os_core.o(.data)
    OSRdyGrp                                 0x20000049   Data           1  os_core.o(.data)
    OSRdyTbl                                 0x2000004a   Data           8  os_core.o(.data)
    OSRunning                                0x20000052   Data           1  os_core.o(.data)
    OSTaskCtr                                0x20000053   Data           1  os_core.o(.data)
    OSIdleCtr                                0x20000054   Data           4  os_core.o(.data)
    OSTCBCur                                 0x20000058   Data           4  os_core.o(.data)
    OSTCBFreeList                            0x2000005c   Data           4  os_core.o(.data)
    OSTCBHighRdy                             0x20000060   Data           4  os_core.o(.data)
    OSTCBList                                0x20000064   Data           4  os_core.o(.data)
    OSTickStepState                          0x20000068   Data           1  os_core.o(.data)
    OSMemFreeList                            0x2000006c   Data           4  os_core.o(.data)
    OSQFreeList                              0x20000070   Data           4  os_core.o(.data)
    OSTaskRegNextAvailID                     0x20000074   Data           1  os_core.o(.data)
    OSTime                                   0x20000078   Data           4  os_core.o(.data)
    OSTmrFree                                0x2000007c   Data           2  os_core.o(.data)
    OSTmrUsed                                0x2000007e   Data           2  os_core.o(.data)
    OSTmrTime                                0x20000080   Data           4  os_core.o(.data)
    OSTmrSem                                 0x20000084   Data           4  os_core.o(.data)
    OSTmrSemSignal                           0x20000088   Data           4  os_core.o(.data)
    OSTmrFreeList                            0x2000008c   Data           4  os_core.o(.data)
    htim3                                    0x20000090   Data          60  main.o(.bss)
    huart1                                   0x200000cc   Data          64  main.o(.bss)
    htim2                                    0x20001154   Data          60  receive_ic.o(.bss)
    htim4                                    0x20001190   Data          60  receive_ic.o(.bss)
    OS_CPU_ExceptStk                         0x200011ec   Data        1024  os_cpu_c.o(.bss)
    OSEventTbl                               0x200015ec   Data         240  os_core.o(.bss)
    OSFlagTbl                                0x200016dc   Data          80  os_core.o(.bss)
    OSTaskStatStk                            0x2000172c   Data         512  os_core.o(.bss)
    OSTaskIdleStk                            0x2000192c   Data         512  os_core.o(.bss)
    OSTCBPrioTbl                             0x20001b2c   Data         256  os_core.o(.bss)
    OSTCBTbl                                 0x20001c2c   Data        2024  os_core.o(.bss)
    OSMemTbl                                 0x20002414   Data         120  os_core.o(.bss)
    OSQTbl                                   0x2000248c   Data          96  os_core.o(.bss)
    OSTmrTbl                                 0x200024ec   Data         640  os_core.o(.bss)
    OSTmrTaskStk                             0x2000276c   Data         512  os_core.o(.bss)
    OSTmrWheelTbl                            0x2000296c   Data          56  os_core.o(.bss)
    __libspace_start                         0x200029a4   Data          96  libspace.o(.bss)
    __temporary_stack_top$libspace           0x20002a04   Data           0  libspace.o(.bss)



==============================================================================

Memory Map of the image

  Image Entry point : 0x08000195

  Load Region LR_IROM1 (Base: 0x08000000, Size: 0x00005ea0, Max: 0x00080000, ABSOLUTE)

    Execution Region ER_IROM1 (Exec base: 0x08000000, Load base: 0x08000000, Size: 0x00005e10, Max: 0x00080000, ABSOLUTE)

    Exec Addr    Load Addr    Size         Type   Attr      Idx    E Section Name        Object

    0x08000000   0x08000000   0x00000194   Data   RO            3    RESET               startup_stm32f401xe.o
    0x08000194   0x08000194   0x00000008   Code   RO         5881  * !!!main             c_w.l(__main.o)
    0x0800019c   0x0800019c   0x00000034   Code   RO         6099    !!!scatter          c_w.l(__scatter.o)
    0x080001d0   0x080001d0   0x0000001a   Code   RO         6101    !!handler_copy      c_w.l(__scatter_copy.o)
    0x080001ea   0x080001ea   0x00000002   PAD
    0x080001ec   0x080001ec   0x0000001c   Code   RO         6103    !!handler_zi        c_w.l(__scatter_zi.o)
    0x08000208   0x08000208   0x00000000   Code   RO         5872    .ARM.Collect$$_printf_percent$$00000000  c_w.l(_printf_percent.o)
    0x08000208   0x08000208   0x00000006   Code   RO         5871    .ARM.Collect$$_printf_percent$$00000009  c_w.l(_printf_d.o)
    0x0800020e   0x0800020e   0x00000004   Code   RO         5908    .ARM.Collect$$_printf_percent$$00000017  c_w.l(_printf_percent_end.o)
    0x08000212   0x08000212   0x00000002   Code   RO         5968    .ARM.Collect$$libinit$$00000000  c_w.l(libinit.o)
    0x08000214   0x08000214   0x00000004   Code   RO         5975    .ARM.Collect$$libinit$$00000001  c_w.l(libinit2.o)
    0x08000218   0x08000218   0x00000000   Code   RO         5978    .ARM.Collect$$libinit$$00000004  c_w.l(libinit2.o)
    0x08000218   0x08000218   0x00000000   Code   RO         5981    .ARM.Collect$$libinit$$0000000A  c_w.l(libinit2.o)
    0x08000218   0x08000218   0x00000000   Code   RO         5983    .ARM.Collect$$libinit$$0000000C  c_w.l(libinit2.o)
    0x08000218   0x08000218   0x00000000   Code   RO         5985    .ARM.Collect$$libinit$$0000000E  c_w.l(libinit2.o)
    0x08000218   0x08000218   0x00000000   Code   RO         5988    .ARM.Collect$$libinit$$00000011  c_w.l(libinit2.o)
    0x08000218   0x08000218   0x00000000   Code   RO         5990    .ARM.Collect$$libinit$$00000013  c_w.l(libinit2.o)
    0x08000218   0x08000218   0x00000000   Code   RO         5992    .ARM.Collect$$libinit$$00000015  c_w.l(libinit2.o)
    0x08000218   0x08000218   0x00000000   Code   RO         5994    .ARM.Collect$$libinit$$00000017  c_w.l(libinit2.o)
    0x08000218   0x08000218   0x00000000   Code   RO         5996    .ARM.Collect$$libinit$$00000019  c_w.l(libinit2.o)
    0x08000218   0x08000218   0x00000000   Code   RO         5998    .ARM.Collect$$libinit$$0000001B  c_w.l(libinit2.o)
    0x08000218   0x08000218   0x00000000   Code   RO         6000    .ARM.Collect$$libinit$$0000001D  c_w.l(libinit2.o)
    0x08000218   0x08000218   0x00000000   Code   RO         6002    .ARM.Collect$$libinit$$0000001F  c_w.l(libinit2.o)
    0x08000218   0x08000218   0x00000000   Code   RO         6004    .ARM.Collect$$libinit$$00000021  c_w.l(libinit2.o)
    0x08000218   0x08000218   0x00000000   Code   RO         6006    .ARM.Collect$$libinit$$00000023  c_w.l(libinit2.o)
    0x08000218   0x08000218   0x00000000   Code   RO         6008    .ARM.Collect$$libinit$$00000025  c_w.l(libinit2.o)
    0x08000218   0x08000218   0x00000000   Code   RO         6012    .ARM.Collect$$libinit$$0000002C  c_w.l(libinit2.o)
    0x08000218   0x08000218   0x00000000   Code   RO         6014    .ARM.Collect$$libinit$$0000002E  c_w.l(libinit2.o)
    0x08000218   0x08000218   0x00000000   Code   RO         6016    .ARM.Collect$$libinit$$00000030  c_w.l(libinit2.o)
    0x08000218   0x08000218   0x00000000   Code   RO         6018    .ARM.Collect$$libinit$$00000032  c_w.l(libinit2.o)
    0x08000218   0x08000218   0x00000002   Code   RO         6019    .ARM.Collect$$libinit$$00000033  c_w.l(libinit2.o)
    0x0800021a   0x0800021a   0x00000002   Code   RO         6049    .ARM.Collect$$libshutdown$$00000000  c_w.l(libshutdown.o)
    0x0800021c   0x0800021c   0x00000000   Code   RO         6066    .ARM.Collect$$libshutdown$$00000002  c_w.l(libshutdown2.o)
    0x0800021c   0x0800021c   0x00000000   Code   RO         6068    .ARM.Collect$$libshutdown$$00000004  c_w.l(libshutdown2.o)
    0x0800021c   0x0800021c   0x00000000   Code   RO         6071    .ARM.Collect$$libshutdown$$00000007  c_w.l(libshutdown2.o)
    0x0800021c   0x0800021c   0x00000000   Code   RO         6074    .ARM.Collect$$libshutdown$$0000000A  c_w.l(libshutdown2.o)
    0x0800021c   0x0800021c   0x00000000   Code   RO         6076    .ARM.Collect$$libshutdown$$0000000C  c_w.l(libshutdown2.o)
    0x0800021c   0x0800021c   0x00000000   Code   RO         6079    .ARM.Collect$$libshutdown$$0000000F  c_w.l(libshutdown2.o)
    0x0800021c   0x0800021c   0x00000002   Code   RO         6080    .ARM.Collect$$libshutdown$$00000010  c_w.l(libshutdown2.o)
    0x0800021e   0x0800021e   0x00000000   Code   RO         5897    .ARM.Collect$$rtentry$$00000000  c_w.l(__rtentry.o)
    0x0800021e   0x0800021e   0x00000000   Code   RO         5929    .ARM.Collect$$rtentry$$00000002  c_w.l(__rtentry2.o)
    0x0800021e   0x0800021e   0x00000006   Code   RO         5941    .ARM.Collect$$rtentry$$00000004  c_w.l(__rtentry4.o)
    0x08000224   0x08000224   0x00000000   Code   RO         5931    .ARM.Collect$$rtentry$$00000009  c_w.l(__rtentry2.o)
    0x08000224   0x08000224   0x00000004   Code   RO         5932    .ARM.Collect$$rtentry$$0000000A  c_w.l(__rtentry2.o)
    0x08000228   0x08000228   0x00000000   Code   RO         5934    .ARM.Collect$$rtentry$$0000000C  c_w.l(__rtentry2.o)
    0x08000228   0x08000228   0x00000008   Code   RO         5935    .ARM.Collect$$rtentry$$0000000D  c_w.l(__rtentry2.o)
    0x08000230   0x08000230   0x00000002   Code   RO         5969    .ARM.Collect$$rtexit$$00000000  c_w.l(rtexit.o)
    0x08000232   0x08000232   0x00000000   Code   RO         6021    .ARM.Collect$$rtexit$$00000002  c_w.l(rtexit2.o)
    0x08000232   0x08000232   0x00000004   Code   RO         6022    .ARM.Collect$$rtexit$$00000003  c_w.l(rtexit2.o)
    0x08000236   0x08000236   0x00000006   Code   RO         6023    .ARM.Collect$$rtexit$$00000004  c_w.l(rtexit2.o)
    0x0800023c   0x0800023c   0x00000040   Code   RO            4    .text               startup_stm32f401xe.o
    0x0800027c   0x0800027c   0x00000134   Code   RO         4207    .text               os_cpu_a.o
    0x080003b0   0x080003b0   0x00000048   Code   RO         5841    .text               c_w.l(llsdiv.o)
    0x080003f8   0x080003f8   0x00000028   Code   RO         5845    .text               c_w.l(noretval__2sprintf.o)
    0x08000420   0x08000420   0x00000068   Code   RO         5847    .text               c_w.l(__printf.o)
    0x08000488   0x08000488   0x00000078   Code   RO         5849    .text               c_w.l(_printf_dec.o)
    0x08000500   0x08000500   0x0000003e   Code   RO         5873    .text               c_w.l(strlen.o)
    0x0800053e   0x0800053e   0x00000064   Code   RO         5875    .text               c_w.l(rt_memcpy_w.o)
    0x080005a2   0x080005a2   0x0000004e   Code   RO         5877    .text               c_w.l(rt_memclr_w.o)
    0x080005f0   0x080005f0   0x00000006   Code   RO         5879    .text               c_w.l(heapauxi.o)
    0x080005f6   0x080005f6   0x000000ee   Code   RO         5898    .text               c_w.l(lludivv7m.o)
    0x080006e4   0x080006e4   0x00000016   Code   RO         5900    .text               c_w.l(_rserrno.o)
    0x080006fa   0x080006fa   0x000000b2   Code   RO         5902    .text               c_w.l(_printf_intcommon.o)
    0x080007ac   0x080007ac   0x00000030   Code   RO         5904    .text               c_w.l(_printf_char_common.o)
    0x080007dc   0x080007dc   0x0000000a   Code   RO         5906    .text               c_w.l(_sputc.o)
    0x080007e6   0x080007e6   0x00000002   PAD
    0x080007e8   0x080007e8   0x00000008   Code   RO         5950    .text               c_w.l(rt_errno_addr_intlibspace.o)
    0x080007f0   0x080007f0   0x00000008   Code   RO         5954    .text               c_w.l(libspace.o)
    0x080007f8   0x080007f8   0x0000004a   Code   RO         5957    .text               c_w.l(sys_stackheap_outer.o)
    0x08000842   0x08000842   0x00000012   Code   RO         5961    .text               c_w.l(exit.o)
    0x08000854   0x08000854   0x0000000c   Code   RO         6037    .text               c_w.l(sys_exit.o)
    0x08000860   0x08000860   0x00000002   Code   RO         6054    .text               c_w.l(use_no_semi.o)
    0x08000862   0x08000862   0x00000000   Code   RO         6056    .text               c_w.l(indicate_semi.o)
    0x08000862   0x08000862   0x00000010   Code   RO         3497    i.AppTaskDebug      main.o
    0x08000872   0x08000872   0x00000014   Code   RO         3498    i.AppTaskSensor     main.o
    0x08000886   0x08000886   0x00000002   PAD
    0x08000888   0x08000888   0x00000048   Code   RO         3499    i.AppTaskStart      main.o
    0x080008d0   0x080008d0   0x00000002   Code   RO         5122    i.App_TCBInitHook   app_hooks.o
    0x080008d2   0x080008d2   0x00000002   Code   RO         5123    i.App_TaskCreateHook  app_hooks.o
    0x080008d4   0x080008d4   0x00000002   Code   RO         5124    i.App_TaskDelHook   app_hooks.o
    0x080008d6   0x080008d6   0x00000002   Code   RO         5125    i.App_TaskIdleHook  app_hooks.o
    0x080008d8   0x080008d8   0x00000002   Code   RO         5126    i.App_TaskReturnHook  app_hooks.o
    0x080008da   0x080008da   0x00000002   Code   RO         5127    i.App_TaskStatHook  app_hooks.o
    0x080008dc   0x080008dc   0x00000002   Code   RO         5128    i.App_TaskSwHook    app_hooks.o
    0x080008de   0x080008de   0x00000002   Code   RO         5129    i.App_TimeTickHook  app_hooks.o
    0x080008e0   0x080008e0   0x0000024c   Code   RO         4071    i.BLDC_Init         bldc.o
    0x08000b2c   0x08000b2c   0x00000060   Code   RO         4072    i.BLDC_SetThrottle_us  bldc.o
    0x08000b8c   0x08000b8c   0x000000c8   Code   RO         3500    i.BSP_Init          main.o
    0x08000c54   0x08000c54   0x00000004   Code   RO         3609    i.BusFault_Handler  stm32f4xx_it.o
    0x08000c58   0x08000c58   0x00000002   Code   RO         3610    i.DebugMon_Handler  stm32f4xx_it.o
    0x08000c5a   0x08000c5a   0x00000006   Code   RO         3501    i.Error_Handler     main.o
    0x08000c60   0x08000c60   0x0000001a   Code   RO          273    i.HAL_Delay         stm32f4xx_hal.o
    0x08000c7a   0x08000c7a   0x00000002   PAD
    0x08000c7c   0x08000c7c   0x000001d4   Code   RO          548    i.HAL_GPIO_Init     stm32f4xx_hal_gpio.o
    0x08000e50   0x08000e50   0x00000010   Code   RO          550    i.HAL_GPIO_ReadPin  stm32f4xx_hal_gpio.o
    0x08000e60   0x08000e60   0x0000000c   Code   RO          552    i.HAL_GPIO_WritePin  stm32f4xx_hal_gpio.o
    0x08000e6c   0x08000e6c   0x0000000c   Code   RO          279    i.HAL_GetTick       stm32f4xx_hal.o
    0x08000e78   0x08000e78   0x00000010   Code   RO          280    i.HAL_IncTick       stm32f4xx_hal.o
    0x08000e88   0x08000e88   0x0000003c   Code   RO          281    i.HAL_Init          stm32f4xx_hal.o
    0x08000ec4   0x08000ec4   0x00000028   Code   RO          282    i.HAL_InitTick      stm32f4xx_hal.o
    0x08000eec   0x08000eec   0x00000002   Code   RO          284    i.HAL_MspInit       stm32f4xx_hal.o
    0x08000eee   0x08000eee   0x0000001a   Code   RO          420    i.HAL_NVIC_EnableIRQ  stm32f4xx_hal_cortex.o
    0x08000f08   0x08000f08   0x0000007c   Code   RO          426    i.HAL_NVIC_SetPriority  stm32f4xx_hal_cortex.o
    0x08000f84   0x08000f84   0x00000028   Code   RO          427    i.HAL_NVIC_SetPriorityGrouping  stm32f4xx_hal_cortex.o
    0x08000fac   0x08000fac   0x000001d0   Code   RO          810    i.HAL_RCC_ClockConfig  stm32f4xx_hal_rcc.o
    0x0800117c   0x0800117c   0x0000000c   Code   RO          815    i.HAL_RCC_GetHCLKFreq  stm32f4xx_hal_rcc.o
    0x08001188   0x08001188   0x0000002c   Code   RO          817    i.HAL_RCC_GetPCLK1Freq  stm32f4xx_hal_rcc.o
    0x080011b4   0x080011b4   0x0000002c   Code   RO          818    i.HAL_RCC_GetPCLK2Freq  stm32f4xx_hal_rcc.o
    0x080011e0   0x080011e0   0x000000b4   Code   RO          819    i.HAL_RCC_GetSysClockFreq  stm32f4xx_hal_rcc.o
    0x08001294   0x08001294   0x0000039c   Code   RO          822    i.HAL_RCC_OscConfig  stm32f4xx_hal_rcc.o
    0x08001630   0x08001630   0x00000034   Code   RO          431    i.HAL_SYSTICK_Config  stm32f4xx_hal_cortex.o
    0x08001664   0x08001664   0x00000002   Code   RO         2763    i.HAL_TIMEx_BreakCallback  stm32f4xx_hal_tim_ex.o
    0x08001666   0x08001666   0x00000002   Code   RO         2764    i.HAL_TIMEx_CommutationCallback  stm32f4xx_hal_tim_ex.o
    0x08001668   0x08001668   0x00000034   Code   RO         2124    i.HAL_TIM_Base_Init  stm32f4xx_hal_tim.o
    0x0800169c   0x0800169c   0x00000002   Code   RO         2126    i.HAL_TIM_Base_MspInit  stm32f4xx_hal_tim.o
    0x0800169e   0x0800169e   0x0000001e   Code   RO         2127    i.HAL_TIM_Base_Start  stm32f4xx_hal_tim.o
    0x080016bc   0x080016bc   0x00000038   Code   RO         2130    i.HAL_TIM_Base_Stop  stm32f4xx_hal_tim.o
    0x080016f4   0x080016f4   0x00000228   Code   RO         4120    i.HAL_TIM_IC_CaptureCallback  receive_ic.o
    0x0800191c   0x0800191c   0x000000e0   Code   RO         2154    i.HAL_TIM_IC_ConfigChannel  stm32f4xx_hal_tim.o
    0x080019fc   0x080019fc   0x00000034   Code   RO         2157    i.HAL_TIM_IC_Init   stm32f4xx_hal_tim.o
    0x08001a30   0x08001a30   0x00000002   Code   RO         2159    i.HAL_TIM_IC_MspInit  stm32f4xx_hal_tim.o
    0x08001a32   0x08001a32   0x0000006c   Code   RO         2162    i.HAL_TIM_IC_Start_IT  stm32f4xx_hal_tim.o
    0x08001a9e   0x08001a9e   0x00000086   Code   RO         2165    i.HAL_TIM_IC_Stop_IT  stm32f4xx_hal_tim.o
    0x08001b24   0x08001b24   0x00000196   Code   RO         2166    i.HAL_TIM_IRQHandler  stm32f4xx_hal_tim.o
    0x08001cba   0x08001cba   0x00000002   Code   RO         2169    i.HAL_TIM_OC_DelayElapsedCallback  stm32f4xx_hal_tim.o
    0x08001cbc   0x08001cbc   0x00000108   Code   RO         2190    i.HAL_TIM_PWM_ConfigChannel  stm32f4xx_hal_tim.o
    0x08001dc4   0x08001dc4   0x00000034   Code   RO         2193    i.HAL_TIM_PWM_Init  stm32f4xx_hal_tim.o
    0x08001df8   0x08001df8   0x00000002   Code   RO         2195    i.HAL_TIM_PWM_MspInit  stm32f4xx_hal_tim.o
    0x08001dfa   0x08001dfa   0x00000002   Code   RO         2196    i.HAL_TIM_PWM_PulseFinishedCallback  stm32f4xx_hal_tim.o
    0x08001dfc   0x08001dfc   0x00000040   Code   RO         2197    i.HAL_TIM_PWM_Start  stm32f4xx_hal_tim.o
    0x08001e3c   0x08001e3c   0x00000002   Code   RO         2203    i.HAL_TIM_PeriodElapsedCallback  stm32f4xx_hal_tim.o
    0x08001e3e   0x08001e3e   0x00000054   Code   RO         2204    i.HAL_TIM_ReadCapturedValue  stm32f4xx_hal_tim.o
    0x08001e92   0x08001e92   0x00000002   Code   RO         2207    i.HAL_TIM_TriggerCallback  stm32f4xx_hal_tim.o
    0x08001e94   0x08001e94   0x00000072   Code   RO         3256    i.HAL_UART_Init     stm32f4xx_hal_uart.o
    0x08001f06   0x08001f06   0x00000002   Code   RO         3258    i.HAL_UART_MspInit  stm32f4xx_hal_uart.o
    0x08001f08   0x08001f08   0x000000d6   Code   RO         3264    i.HAL_UART_Transmit  stm32f4xx_hal_uart.o
    0x08001fde   0x08001fde   0x00000058   Code   RO         3800    i.HMC5883L_GetData  gy86.o
    0x08002036   0x08002036   0x00000002   PAD
    0x08002038   0x08002038   0x00000030   Code   RO         3801    i.HMC5883L_Init     gy86.o
    0x08002068   0x08002068   0x0000003e   Code   RO         3802    i.HMC5883L_ReadReg  gy86.o
    0x080020a6   0x080020a6   0x0000002e   Code   RO         3803    i.HMC5883L_WriteReg  gy86.o
    0x080020d4   0x080020d4   0x00000004   Code   RO         3611    i.HardFault_Handler  stm32f4xx_it.o
    0x080020d8   0x080020d8   0x000001b8   Code   RO         4121    i.IC_Init           receive_ic.o
    0x08002290   0x08002290   0x000000ac   Code   RO         3804    i.MPU6050_GetData   gy86.o
    0x0800233c   0x0800233c   0x0000000a   Code   RO         3805    i.MPU6050_GetId     gy86.o
    0x08002346   0x08002346   0x00000002   PAD
    0x08002348   0x08002348   0x00000048   Code   RO         3806    i.MPU6050_Init      gy86.o
    0x08002390   0x08002390   0x0000003e   Code   RO         3807    i.MPU6050_ReadReg   gy86.o
    0x080023ce   0x080023ce   0x0000002e   Code   RO         3808    i.MPU6050_WriteReg  gy86.o
    0x080023fc   0x080023fc   0x00000290   Code   RO         3809    i.MS561101BA_GetData  gy86.o
    0x0800268c   0x0800268c   0x0000002c   Code   RO         3810    i.MS561101BA_GetDelayMs  gy86.o
    0x080026b8   0x080026b8   0x0000001c   Code   RO         3811    i.MS561101BA_Init   gy86.o
    0x080026d4   0x080026d4   0x0000005a   Code   RO         3812    i.MS561101BA_ReadADC  gy86.o
    0x0800272e   0x0800272e   0x00000058   Code   RO         3813    i.MS561101BA_ReadPROM  gy86.o
    0x08002786   0x08002786   0x00000036   Code   RO         3814    i.MS561101BA_ReadPROM_All  gy86.o
    0x080027bc   0x080027bc   0x0000001c   Code   RO         3815    i.MS561101BA_ReadPressureRaw  gy86.o
    0x080027d8   0x080027d8   0x0000001c   Code   RO         3816    i.MS561101BA_ReadTemperatureRaw  gy86.o
    0x080027f4   0x080027f4   0x0000003c   Code   RO         3817    i.MS561101BA_Reset  gy86.o
    0x08002830   0x08002830   0x00000026   Code   RO         3818    i.MS561101BA_StartConversionD1  gy86.o
    0x08002856   0x08002856   0x00000026   Code   RO         3819    i.MS561101BA_StartConversionD2  gy86.o
    0x0800287c   0x0800287c   0x00000004   Code   RO         3612    i.MemManage_Handler  stm32f4xx_it.o
    0x08002880   0x08002880   0x00000064   Code   RO         3689    i.MyI2C_Init        myi2c.o
    0x080028e4   0x080028e4   0x0000001c   Code   RO         3690    i.MyI2C_R_SDA       myi2c.o
    0x08002900   0x08002900   0x0000001e   Code   RO         3691    i.MyI2C_ReceiveAck  myi2c.o
    0x0800291e   0x0800291e   0x00000034   Code   RO         3692    i.MyI2C_ReceiveByte  myi2c.o
    0x08002952   0x08002952   0x00000018   Code   RO         3693    i.MyI2C_SendAck     myi2c.o
    0x0800296a   0x0800296a   0x0000002a   Code   RO         3694    i.MyI2C_SendByte    myi2c.o
    0x08002994   0x08002994   0x0000001c   Code   RO         3695    i.MyI2C_Start       myi2c.o
    0x080029b0   0x080029b0   0x00000016   Code   RO         3696    i.MyI2C_Stop        myi2c.o
    0x080029c6   0x080029c6   0x00000002   PAD
    0x080029c8   0x080029c8   0x0000001c   Code   RO         3697    i.MyI2C_W_SCL       myi2c.o
    0x080029e4   0x080029e4   0x0000001c   Code   RO         3698    i.MyI2C_W_SDA       myi2c.o
    0x08002a00   0x08002a00   0x00000002   Code   RO         3613    i.NMI_Handler       stm32f4xx_it.o
    0x08002a02   0x08002a02   0x00000002   PAD
    0x08002a04   0x08002a04   0x00000010   Code   RO          433    i.NVIC_GetPriorityGrouping  stm32f4xx_hal_cortex.o
    0x08002a14   0x08002a14   0x00000028   Code   RO          434    i.NVIC_SetPriority  stm32f4xx_hal_cortex.o
    0x08002a3c   0x08002a3c   0x0000002a   Code   RO         3951    i.OLED_Clear        oled.o
    0x08002a66   0x08002a66   0x00000002   PAD
    0x08002a68   0x08002a68   0x00000064   Code   RO         3952    i.OLED_I2C_Init     oled.o
    0x08002acc   0x08002acc   0x00000058   Code   RO         3953    i.OLED_I2C_SendByte  oled.o
    0x08002b24   0x08002b24   0x00000030   Code   RO         3954    i.OLED_I2C_Start    oled.o
    0x08002b54   0x08002b54   0x00000028   Code   RO         3955    i.OLED_I2C_Stop     oled.o
    0x08002b7c   0x08002b7c   0x000000ae   Code   RO         3956    i.OLED_Init         oled.o
    0x08002c2a   0x08002c2a   0x00000022   Code   RO         3958    i.OLED_SetCursor    oled.o
    0x08002c4c   0x08002c4c   0x00000020   Code   RO         3965    i.OLED_WriteCommand  oled.o
    0x08002c6c   0x08002c6c   0x00000020   Code   RO         3966    i.OLED_WriteData    oled.o
    0x08002c8c   0x08002c8c   0x0000015c   Code   RO         5107    i.OSDebugInit       os_dbg_r.o
    0x08002de8   0x08002de8   0x00000074   Code   RO         4312    i.OSEventNameSet    os_core.o
    0x08002e5c   0x08002e5c   0x00000038   Code   RO         4314    i.OSInit            os_core.o
    0x08002e94   0x08002e94   0x0000005c   Code   RO         4210    i.OSInitHookBegin   os_cpu_c.o
    0x08002ef0   0x08002ef0   0x00000002   Code   RO         4211    i.OSInitHookEnd     os_cpu_c.o
    0x08002ef2   0x08002ef2   0x00000002   PAD
    0x08002ef4   0x08002ef4   0x00000024   Code   RO         4315    i.OSIntEnter        os_core.o
    0x08002f18   0x08002f18   0x0000009c   Code   RO         4316    i.OSIntExit         os_core.o
    0x08002fb4   0x08002fb4   0x00000048   Code   RO         4317    i.OSSchedLock       os_core.o
    0x08002ffc   0x08002ffc   0x00000070   Code   RO         4318    i.OSSchedUnlock     os_core.o
    0x0800306c   0x0800306c   0x00000060   Code   RO         4826    i.OSSemCreate       os_sem.o
    0x080030cc   0x080030cc   0x00000118   Code   RO         4828    i.OSSemPend         os_sem.o
    0x080031e4   0x080031e4   0x00000070   Code   RO         4830    i.OSSemPost         os_sem.o
    0x08003254   0x08003254   0x00000048   Code   RO         4319    i.OSStart           os_core.o
    0x0800329c   0x0800329c   0x0000000c   Code   RO         4212    i.OSTCBInitHook     os_cpu_c.o
    0x080032a8   0x080032a8   0x000000c8   Code   RO         4880    i.OSTaskCreate      os_task.o
    0x08003370   0x08003370   0x000000dc   Code   RO         4881    i.OSTaskCreateExt   os_task.o
    0x0800344c   0x0800344c   0x0000000c   Code   RO         4213    i.OSTaskCreateHook  os_cpu_c.o
    0x08003458   0x08003458   0x00000188   Code   RO         4882    i.OSTaskDel         os_task.o
    0x080035e0   0x080035e0   0x0000000c   Code   RO         4214    i.OSTaskDelHook     os_cpu_c.o
    0x080035ec   0x080035ec   0x00000008   Code   RO         4215    i.OSTaskIdleHook    os_cpu_c.o
    0x080035f4   0x080035f4   0x00000098   Code   RO         4885    i.OSTaskNameSet     os_task.o
    0x0800368c   0x0800368c   0x0000000c   Code   RO         4216    i.OSTaskReturnHook  os_cpu_c.o
    0x08003698   0x08003698   0x00000008   Code   RO         4217    i.OSTaskStatHook    os_cpu_c.o
    0x080036a0   0x080036a0   0x000000b0   Code   RO         4891    i.OSTaskStkChk      os_task.o
    0x08003750   0x08003750   0x0000022c   Code   RO         4218    i.OSTaskStkInit     os_cpu_c.o
    0x0800397c   0x0800397c   0x000000d0   Code   RO         4892    i.OSTaskSuspend     os_task.o
    0x08003a4c   0x08003a4c   0x00000024   Code   RO         4219    i.OSTaskSwHook      os_cpu_c.o
    0x08003a70   0x08003a70   0x00000084   Code   RO         4981    i.OSTimeDly         os_time.o
    0x08003af4   0x08003af4   0x00000084   Code   RO         4982    i.OSTimeDlyHMSM     os_time.o
    0x08003b78   0x08003b78   0x00000100   Code   RO         4321    i.OSTimeTick        os_core.o
    0x08003c78   0x08003c78   0x00000028   Code   RO         4220    i.OSTimeTickHook    os_cpu_c.o
    0x08003ca0   0x08003ca0   0x00000014   Code   RO         5021    i.OSTmrSignal       os_tmr.o
    0x08003cb4   0x08003cb4   0x000000f4   Code   RO         5027    i.OSTmr_Init        os_tmr.o
    0x08003da8   0x08003da8   0x00000050   Code   RO         5028    i.OSTmr_InitTask    os_tmr.o
    0x08003df8   0x08003df8   0x00000074   Code   RO         5029    i.OSTmr_Link        os_tmr.o
    0x08003e6c   0x08003e6c   0x00000084   Code   RO         5030    i.OSTmr_Task        os_tmr.o
    0x08003ef0   0x08003ef0   0x00000048   Code   RO         5031    i.OSTmr_Unlink      os_tmr.o
    0x08003f38   0x08003f38   0x00000026   Code   RO         4221    i.OS_CPU_SysTickHandler  os_cpu_c.o
    0x08003f5e   0x08003f5e   0x00000002   PAD
    0x08003f60   0x08003f60   0x00000038   Code   RO         4222    i.OS_CPU_SysTickInit  os_cpu_c.o
    0x08003f98   0x08003f98   0x00000014   Code   RO         4223    i.OS_CPU_SysTickInitFreq  os_cpu_c.o
    0x08003fac   0x08003fac   0x00000002   Code   RO         4323    i.OS_Dummy          os_core.o
    0x08003fae   0x08003fae   0x00000002   PAD
    0x08003fb0   0x08003fb0   0x00000094   Code   RO         4324    i.OS_EventTaskRdy   os_core.o
    0x08004044   0x08004044   0x0000002e   Code   RO         4325    i.OS_EventTaskRemove  os_core.o
    0x08004072   0x08004072   0x0000003a   Code   RO         4326    i.OS_EventTaskRemoveMulti  os_core.o
    0x080040ac   0x080040ac   0x0000007c   Code   RO         4327    i.OS_EventTaskWait  os_core.o
    0x08004128   0x08004128   0x0000001c   Code   RO         4329    i.OS_EventWaitListInit  os_core.o
    0x08004144   0x08004144   0x00000058   Code   RO         4532    i.OS_FlagInit       os_flag.o
    0x0800419c   0x0800419c   0x00000024   Code   RO         4534    i.OS_FlagUnlink     os_flag.o
    0x080041c0   0x080041c0   0x00000060   Code   RO         4330    i.OS_InitEventList  os_core.o
    0x08004220   0x08004220   0x0000005c   Code   RO         4331    i.OS_InitMisc       os_core.o
    0x0800427c   0x0800427c   0x00000044   Code   RO         4332    i.OS_InitRdyList    os_core.o
    0x080042c0   0x080042c0   0x00000080   Code   RO         4333    i.OS_InitTCBList    os_core.o
    0x08004340   0x08004340   0x00000050   Code   RO         4334    i.OS_InitTaskIdle   os_core.o
    0x08004390   0x08004390   0x00000050   Code   RO         4335    i.OS_InitTaskStat   os_core.o
    0x080043e0   0x080043e0   0x00000012   Code   RO         4336    i.OS_MemClr         os_core.o
    0x080043f2   0x080043f2   0x00000002   PAD
    0x080043f4   0x080043f4   0x00000058   Code   RO         4664    i.OS_MemInit        os_mem.o
    0x0800444c   0x0800444c   0x00000050   Code   RO         4763    i.OS_QInit          os_q.o
    0x0800449c   0x0800449c   0x00000080   Code   RO         4338    i.OS_Sched          os_core.o
    0x0800451c   0x0800451c   0x0000002c   Code   RO         4339    i.OS_SchedNew       os_core.o
    0x08004548   0x08004548   0x00000168   Code   RO         4341    i.OS_TCBInit        os_core.o
    0x080046b0   0x080046b0   0x00000030   Code   RO         4342    i.OS_TaskIdle       os_core.o
    0x080046e0   0x080046e0   0x00000018   Code   RO         4893    i.OS_TaskReturn     os_task.o
    0x080046f8   0x080046f8   0x000000f0   Code   RO         4343    i.OS_TaskStat       os_core.o
    0x080047e8   0x080047e8   0x0000003c   Code   RO         4344    i.OS_TaskStatStkChk  os_core.o
    0x08004824   0x08004824   0x0000001a   Code   RO         4894    i.OS_TaskStkClr     os_task.o
    0x0800483e   0x0800483e   0x00000002   PAD
    0x08004840   0x08004840   0x00000028   Code   RO         4164    i.ReadPeripherals_Init  readperipherals.o
    0x08004868   0x08004868   0x000001f4   Code   RO         4165    i.ReadPeripherals_Process  readperipherals.o
    0x08004a5c   0x08004a5c   0x0000002a   Code   RO         4122    i.Set_Speed         receive_ic.o
    0x08004a86   0x08004a86   0x00000002   PAD
    0x08004a88   0x08004a88   0x00000018   Code   RO         3614    i.SysTick_Handler   stm32f4xx_it.o
    0x08004aa0   0x08004aa0   0x000000b8   Code   RO         3502    i.SystemClock_Config  main.o
    0x08004b58   0x08004b58   0x00000064   Code   RO           14    i.SystemInit        system_stm32f4xx.o
    0x08004bbc   0x08004bbc   0x0000002c   Code   RO         3615    i.TIM2_IRQHandler   stm32f4xx_it.o
    0x08004be8   0x08004be8   0x0000002c   Code   RO         3616    i.TIM4_IRQHandler   stm32f4xx_it.o
    0x08004c14   0x08004c14   0x000000b0   Code   RO         2208    i.TIM_Base_SetConfig  stm32f4xx_hal_tim.o
    0x08004cc4   0x08004cc4   0x0000001c   Code   RO         2209    i.TIM_CCxChannelCmd  stm32f4xx_hal_tim.o
    0x08004ce0   0x08004ce0   0x00000064   Code   RO         2217    i.TIM_OC1_SetConfig  stm32f4xx_hal_tim.o
    0x08004d44   0x08004d44   0x00000070   Code   RO         2218    i.TIM_OC2_SetConfig  stm32f4xx_hal_tim.o
    0x08004db4   0x08004db4   0x0000006c   Code   RO         2219    i.TIM_OC3_SetConfig  stm32f4xx_hal_tim.o
    0x08004e20   0x08004e20   0x00000058   Code   RO         2220    i.TIM_OC4_SetConfig  stm32f4xx_hal_tim.o
    0x08004e78   0x08004e78   0x00000084   Code   RO         2223    i.TIM_TI1_SetConfig  stm32f4xx_hal_tim.o
    0x08004efc   0x08004efc   0x0000003e   Code   RO         2225    i.TIM_TI2_SetConfig  stm32f4xx_hal_tim.o
    0x08004f3a   0x08004f3a   0x0000003c   Code   RO         2226    i.TIM_TI3_SetConfig  stm32f4xx_hal_tim.o
    0x08004f76   0x08004f76   0x00000040   Code   RO         2227    i.TIM_TI4_SetConfig  stm32f4xx_hal_tim.o
    0x08004fb6   0x08004fb6   0x00000002   PAD
    0x08004fb8   0x08004fb8   0x0000008c   Code   RO         3773    i.Timer_Delay_us    delay.o
    0x08005044   0x08005044   0x00000368   Code   RO         3279    i.UART_SetConfig    stm32f4xx_hal_uart.o
    0x080053ac   0x080053ac   0x0000006c   Code   RO         3281    i.UART_WaitOnFlagUntilTimeout  stm32f4xx_hal_uart.o
    0x08005418   0x08005418   0x00000004   Code   RO         3617    i.UsageFault_Handler  stm32f4xx_it.o
    0x0800541c   0x0800541c   0x00000026   Code   RO         5912    i.__ARM_fpclassifyf  m_wm.l(fpclassifyf.o)
    0x08005442   0x08005442   0x00000002   PAD
    0x08005444   0x08005444   0x00000664   Code   RO         5883    i.__hardfp_powf     m_wm.l(powf.o)
    0x08005aa8   0x08005aa8   0x00000014   Code   RO         5914    i.__mathlib_flt_divzero  m_wm.l(funder.o)
    0x08005abc   0x08005abc   0x00000006   Code   RO         5916    i.__mathlib_flt_infnan2  m_wm.l(funder.o)
    0x08005ac2   0x08005ac2   0x00000002   PAD
    0x08005ac4   0x08005ac4   0x00000010   Code   RO         5917    i.__mathlib_flt_invalid  m_wm.l(funder.o)
    0x08005ad4   0x08005ad4   0x00000010   Code   RO         5918    i.__mathlib_flt_overflow  m_wm.l(funder.o)
    0x08005ae4   0x08005ae4   0x00000010   Code   RO         5920    i.__mathlib_flt_underflow  m_wm.l(funder.o)
    0x08005af4   0x08005af4   0x00000028   Code   RO         3503    i.main              main.o
    0x08005b1c   0x08005b1c   0x0000000a   Code   RO         6035    x$fpl$fpinit        fz_wm.l(fpinit.o)
    0x08005b26   0x08005b26   0x00000000   Code   RO         5911    x$fpl$usenofp       fz_wm.l(usenofp.o)
    0x08005b26   0x08005b26   0x00000010   Data   RO          823    .constdata          stm32f4xx_hal_rcc.o
    0x08005b36   0x08005b36   0x00000100   Data   RO         4346    .constdata          os_core.o
    0x08005c36   0x08005c36   0x00000002   PAD
    0x08005c38   0x08005c38   0x00000076   Data   RO         5108    .constdata          os_dbg_r.o
    0x08005cae   0x08005cae   0x00000002   PAD
    0x08005cb0   0x08005cb0   0x00000140   Data   RO         5886    .constdata          m_wm.l(powf.o)
    0x08005df0   0x08005df0   0x00000020   Data   RO         6097    Region$$Table       anon$$obj.o


    Execution Region RW_IRAM1 (Exec base: 0x20000000, Load base: 0x08005e10, Size: 0x00003008, Max: 0x00018000, ABSOLUTE)

    Exec Addr    Load Addr    Size         Type   Attr      Idx    E Section Name        Object

    0x20000000   0x08005e10   0x00000004   Data   RW           16    .data               system_stm32f4xx.o
    0x20000004   0x08005e14   0x00000004   Data   RW          287    .data               stm32f4xx_hal.o
    0x20000008   0x08005e18   0x00000008   Data   RW         3505    .data               main.o
    0x20000010   0x08005e20   0x00000001   Data   RW         3775    .data               delay.o
    0x20000011   0x08005e21   0x00000002   Data   RW         3821    .data               gy86.o
    0x20000013   0x08005e23   0x00000004   Data   RW         4124    .data               receive_ic.o
    0x20000017   0x08005e27   0x00000001   PAD
    0x20000018   0x08005e28   0x00000008   Data   RW         4166    .data               readperipherals.o
    0x20000020   0x08005e30   0x0000000c   Data   RW         4225    .data               os_cpu_c.o
    0x2000002c   0x08005e3c   0x00000064   Data   RW         4347    .data               os_core.o
    0x20000090        -       0x0000107c   Zero   RW         3504    .bss                main.o
    0x2000110c        -       0x0000003c   Zero   RW         3774    .bss                delay.o
    0x20001148        -       0x0000000c   Zero   RW         3820    .bss                gy86.o
    0x20001154        -       0x00000098   Zero   RW         4123    .bss                receive_ic.o
    0x200011ec        -       0x00000400   Zero   RW         4224    .bss                os_cpu_c.o
    0x200015ec        -       0x000013b8   Zero   RW         4345    .bss                os_core.o
    0x200029a4        -       0x00000060   Zero   RW         5955    .bss                c_w.l(libspace.o)
    0x20002a04   0x08005ea0   0x00000004   PAD
    0x20002a08        -       0x00000200   Zero   RW            2    HEAP                startup_stm32f401xe.o
    0x20002c08        -       0x00000400   Zero   RW            1    STACK               startup_stm32f401xe.o


==============================================================================

Image component sizes


      Code (inc. data)   RO Data    RW Data    ZI Data      Debug   Object Name

        16          0          0          0          0       3868   app_hooks.o
       684         26          0          0          0       2414   bldc.o
       140         18          0          1         60       1105   delay.o
      1758         60          0          2         12      14989   gy86.o
       538         52          0          8       4220      14534   main.o
       382         22          0          0          0       5850   myi2c.o
       590         24          0          0          0       5504   oled.o
      2724        426        256        100       5048      25834   os_core.o
       308         34          0          0          0        348   os_cpu_a.o
       904        154          0         12       1024      17919   os_cpu_c.o
       348        230        118          0          0       3473   os_dbg_r.o
       124         14          0          0          0       1254   os_flag.o
        88         14          0          0          0        561   os_mem.o
        80          8          0          0          0        587   os_q.o
       488         28          0          0          0       2550   os_sem.o
      1398        120          0          0          0       7140   os_task.o
       264         30          0          0          0       1504   os_time.o
       664        136          0          0          0       4031   os_tmr.o
       540        152          0          8          0       4180   readperipherals.o
      1034         44          0          4        152       3114   receive_ic.o
        64         26        404          0       1536        940   startup_stm32f401xe.o
       156         20          0          4          0       4785   stm32f4xx_hal.o
       298         22          0          0          0      30979   stm32f4xx_hal_cortex.o
       496         32          0          0          0       3099   stm32f4xx_hal_gpio.o
      1668         70         16          0          0       5775   stm32f4xx_hal_rcc.o
      2470         74          0          0          0      21196   stm32f4xx_hal_tim.o
         4          0          0          0          0       1606   stm32f4xx_hal_tim_ex.o
      1310          8          0          0          0       4347   stm32f4xx_hal_uart.o
       132         24          0          0          0       4299   stm32f4xx_it.o
       100         18          0          4          0     212621   system_stm32f4xx.o

    ----------------------------------------------------------------------
     19798       1886        830        144      12052     410406   Object Totals
         0          0         32          0          0          0   (incl. Generated)
        28          0          4          1          0          0   (incl. Padding)

    ----------------------------------------------------------------------

      Code (inc. data)   RO Data    RW Data    ZI Data      Debug   Library Member Name

         8          0          0          0          0         68   __main.o
       104          0          0          0          0         84   __printf.o
         0          0          0          0          0          0   __rtentry.o
        12          0          0          0          0          0   __rtentry2.o
         6          0          0          0          0          0   __rtentry4.o
        52          8          0          0          0          0   __scatter.o
        26          0          0          0          0          0   __scatter_copy.o
        28          0          0          0          0          0   __scatter_zi.o
        48          6          0          0          0         96   _printf_char_common.o
         6          0          0          0          0          0   _printf_d.o
       120         16          0          0          0         92   _printf_dec.o
       178          0          0          0          0         88   _printf_intcommon.o
         0          0          0          0          0          0   _printf_percent.o
         4          0          0          0          0          0   _printf_percent_end.o
        22          0          0          0          0        100   _rserrno.o
        10          0          0          0          0         68   _sputc.o
        18          0          0          0          0         80   exit.o
         6          0          0          0          0        152   heapauxi.o
         0          0          0          0          0          0   indicate_semi.o
         2          0          0          0          0          0   libinit.o
         6          0          0          0          0          0   libinit2.o
         2          0          0          0          0          0   libshutdown.o
         2          0          0          0          0          0   libshutdown2.o
         8          4          0          0         96         68   libspace.o
        72          0          0          0          0         76   llsdiv.o
       238          0          0          0          0        100   lludivv7m.o
        40          6          0          0          0         84   noretval__2sprintf.o
         8          4          0          0          0         68   rt_errno_addr_intlibspace.o
        78          0          0          0          0         80   rt_memclr_w.o
       100          0          0          0          0         80   rt_memcpy_w.o
         2          0          0          0          0          0   rtexit.o
        10          0          0          0          0          0   rtexit2.o
        62          0          0          0          0         76   strlen.o
        12          4          0          0          0         68   sys_exit.o
        74          0          0          0          0         80   sys_stackheap_outer.o
         2          0          0          0          0         68   use_no_semi.o
        10          0          0          0          0        116   fpinit.o
         0          0          0          0          0          0   usenofp.o
        38          0          0          0          0        116   fpclassifyf.o
        74         24          0          0          0        580   funder.o
      1636        110        320          0          0        372   powf.o

    ----------------------------------------------------------------------
      3132        182        320          0        100       2860   Library Totals
         8          0          0          0          4          0   (incl. Padding)

    ----------------------------------------------------------------------

      Code (inc. data)   RO Data    RW Data    ZI Data      Debug   Library Name

      1366         48          0          0         96       1676   c_w.l
        10          0          0          0          0        116   fz_wm.l
      1748        134        320          0          0       1068   m_wm.l

    ----------------------------------------------------------------------
      3132        182        320          0        100       2860   Library Totals

    ----------------------------------------------------------------------

==============================================================================


      Code (inc. data)   RO Data    RW Data    ZI Data      Debug   

     22930       2068       1150        144      12152     392934   Grand Totals
     22930       2068       1150        144      12152     392934   ELF Image Totals
     22930       2068       1150        144          0          0   ROM Totals

==============================================================================

    Total RO  Size (Code + RO Data)                24080 (  23.52kB)
    Total RW  Size (RW Data + ZI Data)             12296 (  12.01kB)
    Total ROM Size (Code + RO Data + RW Data)      24224 (  23.66kB)

==============================================================================

